
 Start  Stop   Length Name               Class

 00000H 044BBH 044BCH _TEXT              CODE
 044BCH 044BCH 00000H H_LDIV_TEXT        CODE
 044BCH 04855H 0039AH WOLFHACK_TEXT      CODE
 04858H 048BCH 00065H WHACK_A_TEXT       CODE
 048C0H 048FAH 0003BH WL_ASM_TEXT        CODE
 048FBH 060ABH 017B1H WL_MAIN_TEXT       CODE
 060ACH 06A53H 009A8H WL_TEXT_TEXT       CODE
 06A54H 0A853H 03E00H WL_MENU_TEXT       CODE
 0A854H 0BC65H 01412H WL_INTER_TEXT      CODE
 0BC66H 0CFC6H 01361H WL_GAME_TEXT       CODE
 0CFC7H 0E0DCH 01116H WL_PLAY_TEXT       CODE
 0E0DDH 0EBCEH 00AF2H WL_DEBUG_TEXT      CODE
 0EBCFH 0FB85H 00FB7H WL_DRAW_TEXT       CODE
 0FB86H 0FFD9H 00454H WL_DR_A_TEXT       CODE
 0FFDAH 1087BH 008A2H WL_SCALE_TEXT      CODE
 1087CH 12014H 01799H WL_STATE_TEXT      CODE
 12015H 1320EH 011FAH WL_AGENT_TEXT      CODE
 1320FH 13ECBH 00CBDH WL_ACT1_TEXT       CODE
 13ECCH 160F7H 0222CH WL_ACT2_TEXT       CODE
 160F8H 177B0H 016B9H ID_CA_TEXT         CODE
 177B1H 182DFH 00B2FH ID_IN_TEXT         CODE
 182E0H 19126H 00E47H ID_MM_TEXT         CODE
 19127H 1A286H 01160H ID_PM_TEXT         CODE
 1A287H 1BB15H 0188FH ID_SD_TEXT         CODE
 1BB16H 1BF07H 003F2H ID_SD_A_TEXT       CODE
 1BF08H 1CAADH 00BA6H ID_US_1_TEXT       CODE
 1CAAEH 1CAF2H 00045H ID_US_A_TEXT       CODE
 1CAF3H 1D61FH 00B2DH ID_VL_TEXT         CODE
 1D620H 1DF01H 008E2H ID_VH_TEXT         CODE
 1DF02H 1E195H 00294H ID_VL_A_TEXT       CODE
 1E196H 1E38BH 001F6H ID_VH_A_TEXT       CODE
 1E390H 20B06H 02777H EMU_PROG           CODE
 20B10H 210D7H 005C8H E87_PROG           CODE
 210E0H 210E0H 00000H _FARDATA           FAR_DATA
 210E0H 230DFH 02000H FAR_DATA           FAR_DATA
 230E0H 231E1H 00102H FAR_DATA           FAR_DATA
 231F0H 234E3H 002F4H WL_MAIN5_DATA      FAR_DATA
 234F0H 237BFH 002D0H WL_MENU5_DATA      FAR_DATA
 237C0H 23939H 0017AH WL_MENU6_DATA      FAR_DATA
 23940H 23B37H 001F8H WL_MENU7_DATA      FAR_DATA
 23B40H 23C3BH 000FCH WL_MENU8_DATA      FAR_DATA
 23C40H 23E0DH 001CEH WL_MENU9_DATA      FAR_DATA
 23E10H 23EB7H 000A8H WL_MENU10_DATA     FAR_DATA
 23EC0H 24063H 001A4H WL_MENU11_DATA     FAR_DATA
 24070H 241E9H 0017AH WL_MENU12_DATA     FAR_DATA
 241F0H 24213H 00024H WL_MENU13_DATA     FAR_DATA
 24220H 33C1FH 0FA00H SignonSeg          FAR_DATA
 33C20H 33C9FH 00080H ID_IN5_DATA        FAR_DATA
 33CA0H 33D1FH 00080H ID_IN6_DATA        FAR_DATA
 33D20H 33D9FH 00080H ID_IN7_DATA        FAR_DATA
 33DA0H 33DA0H 00000H _FARBSS            FAR_BSS
 33DA0H 342F8H 00559H _COMDEF_AA_        FAR_BSS
 34300H 34A07H 00708H _COMDEF_AB_        FAR_BSS
 34A10H 3581FH 00E10H _COMDEF_AC_        FAR_BSS
 35820H 358B4H 00095H _COMDEF_AD_        FAR_BSS
 358C0H 36ABFH 01200H _COMDEF_AE_        FAR_BSS
 36AC0H 37CBFH 01200H _COMDEF_AF_        FAR_BSS
 37CC0H 39D8FH 020D0H _COMDEF_AG_        FAR_BSS
 39D90H 3A08FH 00300H _COMDEF_AH_        FAR_BSS
 3A090H 3A38FH 00300H _COMDEF_AI_        FAR_BSS
 3A390H 3A390H 00000H _OVERLAY_          OVRINFO
 3A390H 3A390H 00000H _1STUB_            STUBSEG
 3A390H 3EAC9H 0473AH _DATA              DATA
 3EACAH 3EACDH 00004H _CVTSEG            DATA
 3EACEH 3EAD9H 0000CH _SCNSEG            DATA
 3EADAH 3EADAH 00000H _CONST             CONST
 3EADAH 3EAF7H 0001EH _INIT_             INITDATA
 3EAF8H 3EAF8H 00000H _INITEND_          INITDATA
 3EAF8H 3EAFDH 00006H _EXIT_             EXITDATA
 3EAFEH 3EAFEH 00000H _EXITEND_          EXITDATA
 3EAFEH 3ED73H 00276H _BSS               BSS
 3ED74H 4933EH 0A5CBH _COMDEF_           BSS
 4933FH 4933FH 00000H _BSSEND            BSSEND
 49340H 493BFH 00080H _STACK             STACK


Detailed map of segments

 0000:0000 02B2 C=CODE   S=_TEXT          G=(none)  M=C0.ASM     ACBP=28
 0000:02B2 00DE C=CODE   S=_TEXT          G=(none)  M=H_LDIV.ASM ACBP=28
 0000:0390 0258 C=CODE   S=_TEXT          G=(none)  M=FPINIT     ACBP=28
 0000:05E8 0000 C=CODE   S=_TEXT          G=(none)  M=E87TRAP    ACBP=28
 0000:05E8 0000 C=CODE   S=_TEXT          G=(none)  M=PROTFLAG   ACBP=28
 0000:05E8 0000 C=CODE   S=_TEXT          G=(none)  M=DEFLT87    ACBP=28
 0000:05E8 000D C=CODE   S=_TEXT          G=(none)  M=ATAN       ACBP=28
 0000:05F5 0000 C=CODE   S=_TEXT          G=(none)  M=HUGEVAL    ACBP=28
 0000:05F5 009A C=CODE   S=_TEXT          G=(none)  M=LDTRUNC    ACBP=28
 0000:068F 0000 C=CODE   S=_TEXT          G=(none)  M=MATHWHY    ACBP=28
 0000:068F 01B5 C=CODE   S=_TEXT          G=(none)  M=REALCVT    ACBP=28
 0000:0844 0361 C=CODE   S=_TEXT          G=(none)  M=SCANTOD    ACBP=28
 0000:0BA5 0205 C=CODE   S=_TEXT          G=(none)  M=XCVT       ACBP=28
 0000:0DAA 00A4 C=CODE   S=_TEXT          G=(none)  M=FPERR      ACBP=28
 0000:0E4E 00C9 C=CODE   S=_TEXT          G=(none)  M=_POW10     ACBP=28
 0000:0F17 000B C=CODE   S=_TEXT          G=(none)  M=POW10D     ACBP=28
 0000:0F22 0026 C=CODE   S=_TEXT          G=(none)  M=MATHERR    ACBP=28
 0000:0F48 004D C=CODE   S=_TEXT          G=(none)  M=SIN        ACBP=28
 0000:0F95 0050 C=CODE   S=_TEXT          G=(none)  M=TAN        ACBP=28
 0000:0FE5 0090 C=CODE   S=_TEXT          G=(none)  M=_MATHERR   ACBP=28
 0000:1075 00BB C=CODE   S=_TEXT          G=(none)  M=ATAN2      ACBP=28
 0000:1130 002C C=CODE   S=_TEXT          G=(none)  M=FFTOL      ACBP=28
 0000:115C 002D C=CODE   S=_TEXT          G=(none)  M=ATEXIT     ACBP=28
 0000:1189 0000 C=CODE   S=_TEXT          G=(none)  M=CTYPE      ACBP=28
 0000:1189 0038 C=CODE   S=_TEXT          G=(none)  M=DOSFATTR   ACBP=28
 0000:11C1 0032 C=CODE   S=_TEXT          G=(none)  M=DOSGDATE   ACBP=28
 0000:11F3 0023 C=CODE   S=_TEXT          G=(none)  M=DOSWRITE   ACBP=28
 0000:1216 0093 C=CODE   S=_TEXT          G=(none)  M=EXIT       ACBP=28
 0000:12A9 0000 C=CODE   S=_TEXT          G=(none)  M=FILES      ACBP=28
 0000:12A9 0000 C=CODE   S=_TEXT          G=(none)  M=FILES2     ACBP=28
 0000:12A9 0000 C=CODE   S=_TEXT          G=(none)  M=FMODE      ACBP=28
 0000:12A9 0000 C=CODE   S=_TEXT          G=(none)  M=FPSTKLEN   ACBP=28
 0000:12A9 0017 C=CODE   S=_TEXT          G=(none)  M=F_LXMUL    ACBP=28
 0000:12C0 0021 C=CODE   S=_TEXT          G=(none)  M=F_PCMP     ACBP=28
 0000:12E1 001C C=CODE   S=_TEXT          G=(none)  M=F_SCOPY    ACBP=28
 0000:12FD 0020 C=CODE   S=_TEXT          G=(none)  M=GETVECT    ACBP=28
 0000:131D 0000 C=CODE   S=_TEXT          G=(none)  M=HEAPLEN    ACBP=28
 0000:131D 0021 C=CODE   S=_TEXT          G=(none)  M=H_LLSH     ACBP=28
 0000:133E 0020 C=CODE   S=_TEXT          G=(none)  M=H_LRSH     ACBP=28
 0000:135E 0021 C=CODE   S=_TEXT          G=(none)  M=H_LURSH    ACBP=28
 0000:137F 0088 C=CODE   S=_TEXT          G=(none)  M=H_PADA     ACBP=28
 0000:1407 0060 C=CODE   S=_TEXT          G=(none)  M=H_PADD     ACBP=28
 0000:1467 0028 C=CODE   S=_TEXT          G=(none)  M=H_PSBP     ACBP=28
 0000:148F 0027 C=CODE   S=_TEXT          G=(none)  M=H_SPUSH    ACBP=28
 0000:14B6 004B C=CODE   S=_TEXT          G=(none)  M=IOERROR    ACBP=28
 0000:1501 0011 C=CODE   S=_TEXT          G=(none)  M=ISATTY     ACBP=28
 0000:1512 009A C=CODE   S=_TEXT          G=(none)  M=LONGTOA    ACBP=28
 0000:15AC 0029 C=CODE   S=_TEXT          G=(none)  M=LSEEK      ACBP=28
 0000:15D5 0082 C=CODE   S=_TEXT          G=(none)  M=MKNAME     ACBP=28
 0000:1657 0021 C=CODE   S=_TEXT          G=(none)  M=N_PCMP     ACBP=28
 0000:1678 0032 C=CODE   S=_TEXT          G=(none)  M=OUTPORT    ACBP=28
 0000:16AA 002D C=CODE   S=_TEXT          G=(none)  M=READA      ACBP=28
 0000:16D7 01AA C=CODE   S=_TEXT          G=(none)  M=SCANTOL    ACBP=28
 0000:1881 00A5 C=CODE   S=_TEXT          G=(none)  M=SETUPIO    ACBP=28
 0000:1926 0000 C=CODE   S=_TEXT          G=(none)  M=SIGDATA    ACBP=28
 0000:1926 0000 C=CODE   S=_TEXT          G=(none)  M=STKLEN     ACBP=28
 0000:1926 0018 C=CODE   S=_TEXT          G=(none)  M=TELL       ACBP=28
 0000:193E 002C C=CODE   S=_TEXT          G=(none)  M=TOLOWER    ACBP=28
 0000:196A 002C C=CODE   S=_TEXT          G=(none)  M=TOUPPER    ACBP=28
 0000:1996 0016 C=CODE   S=_TEXT          G=(none)  M=UNLINK     ACBP=28
 0000:19AC 04C6 C=CODE   S=_TEXT          G=(none)  M=VPRINTER   ACBP=28
 0000:1E72 009F C=CODE   S=_TEXT          G=(none)  M=VRAM       ACBP=28
 0000:1F11 001A C=CODE   S=_TEXT          G=(none)  M=XCLOSE     ACBP=28
 0000:1F2B 0029 C=CODE   S=_TEXT          G=(none)  M=_STPCPY    ACBP=28
 0000:1F54 0025 C=CODE   S=_TEXT          G=(none)  M=BIOSKEY    ACBP=28
 0000:1F79 006F C=CODE   S=_TEXT          G=(none)  M=BRK        ACBP=28
 0000:1FE8 0029 C=CODE   S=_TEXT          G=(none)  M=CLRSCR     ACBP=28
 0000:2011 0010 C=CODE   S=_TEXT          G=(none)  M=CORELEFT   ACBP=28
 0000:2021 01B3 C=CODE   S=_TEXT          G=(none)  M=CRTINIT    ACBP=28
 0000:21D4 001F C=CODE   S=_TEXT          G=(none)  M=CVTFAK     ACBP=28
 0000:21F3 0421 C=CODE   S=_TEXT          G=(none)  M=FARHEAP    ACBP=28
 0000:2614 0143 C=CODE   S=_TEXT          G=(none)  M=FBRK       ACBP=28
 0000:2757 0050 C=CODE   S=_TEXT          G=(none)  M=FCORELFT   ACBP=28
 0000:27A7 0049 C=CODE   S=_TEXT          G=(none)  M=GOTOXY     ACBP=28
 0000:27F0 0095 C=CODE   S=_TEXT          G=(none)  M=GPTEXT     ACBP=28
 0000:2885 002E C=CODE   S=_TEXT          G=(none)  M=HARD       ACBP=28
 0000:28B3 0126 C=CODE   S=_TEXT          G=(none)  M=HARDERR    ACBP=28
 0000:29D9 0027 C=CODE   S=_TEXT          G=(none)  M=IOCTL      ACBP=28
 0000:2A00 009D C=CODE   S=_TEXT          G=(none)  M=MOVETEXT   ACBP=28
 0000:2A9D 027B C=CODE   S=_TEXT          G=(none)  M=NEARHEAP   ACBP=28
 0000:2D18 0004 C=CODE   S=_TEXT          G=(none)  M=REALCVT    ACBP=28
 0000:2D1C 01AB C=CODE   S=_TEXT          G=(none)  M=SCREEN     ACBP=28
 0000:2EC7 0188 C=CODE   S=_TEXT          G=(none)  M=SCROLL     ACBP=28
 0000:304F 0115 C=CODE   S=_TEXT          G=(none)  M=SETARGV    ACBP=28
 0000:3164 001C C=CODE   S=_TEXT          G=(none)  M=SETBLOCK   ACBP=28
 0000:3180 005D C=CODE   S=_TEXT          G=(none)  M=SETENVP    ACBP=28
 0000:31DD 002C C=CODE   S=_TEXT          G=(none)  M=WHEREXY    ACBP=28
 0000:3209 007D C=CODE   S=_TEXT          G=(none)  M=ATOL       ACBP=28
 0000:3286 0010 C=CODE   S=_TEXT          G=(none)  M=BDOS       ACBP=28
 0000:3296 001B C=CODE   S=_TEXT          G=(none)  M=CHMODA     ACBP=28
 0000:32B1 0028 C=CODE   S=_TEXT          G=(none)  M=CLOSE      ACBP=28
 0000:32D9 001E C=CODE   S=_TEXT          G=(none)  M=CLOSEA     ACBP=28
 0000:32F7 008B C=CODE   S=_TEXT          G=(none)  M=CREAT      ACBP=28
 0000:3382 007D C=CODE   S=_TEXT          G=(none)  M=FCLOSE     ACBP=28
 0000:33FF 0081 C=CODE   S=_TEXT          G=(none)  M=FFLUSH     ACBP=28
 0000:3480 0060 C=CODE   S=_TEXT          G=(none)  M=FINDFIRS   ACBP=28
 0000:34E0 0041 C=CODE   S=_TEXT          G=(none)  M=FLENGTH    ACBP=28
 0000:3521 003A C=CODE   S=_TEXT          G=(none)  M=FLUSHALL   ACBP=28
 0000:355B 01A0 C=CODE   S=_TEXT          G=(none)  M=FOPEN      ACBP=28
 0000:36FB 0016 C=CODE   S=_TEXT          G=(none)  M=FPRINTF    ACBP=28
 0000:3711 0112 C=CODE   S=_TEXT          G=(none)  M=FSEEK      ACBP=28
 0000:3823 005F C=CODE   S=_TEXT          G=(none)  M=GETENV     ACBP=28
 0000:3882 0067 C=CODE   S=_TEXT          G=(none)  M=LTOA1      ACBP=28
 0000:38E9 001F C=CODE   S=_TEXT          G=(none)  M=MEMCPY     ACBP=28
 0000:3908 0022 C=CODE   S=_TEXT          G=(none)  M=MOVEDATA   ACBP=28
 0000:392A 0183 C=CODE   S=_TEXT          G=(none)  M=OPEN       ACBP=28
 0000:3AAD 004D C=CODE   S=_TEXT          G=(none)  M=OPENA      ACBP=28
 0000:3AFA 0017 C=CODE   S=_TEXT          G=(none)  M=PRINTF     ACBP=28
 0000:3B11 0302 C=CODE   S=_TEXT          G=(none)  M=PUTC       ACBP=28
 0000:3E13 004B C=CODE   S=_TEXT          G=(none)  M=PUTS       ACBP=28
 0000:3E5E 00CE C=CODE   S=_TEXT          G=(none)  M=READ       ACBP=28
 0000:3F2C 0003 C=CODE   S=_TEXT          G=(none)  M=READU      ACBP=28
 0000:3F2F 00D6 C=CODE   S=_TEXT          G=(none)  M=SETVBUF    ACBP=28
 0000:4005 0061 C=CODE   S=_TEXT          G=(none)  M=SPRINTF    ACBP=28
 0000:4066 0039 C=CODE   S=_TEXT          G=(none)  M=STRCAT     ACBP=28
 0000:409F 0022 C=CODE   S=_TEXT          G=(none)  M=STRCPY     ACBP=28
 0000:40C1 001A C=CODE   S=_TEXT          G=(none)  M=STRLEN     ACBP=28
 0000:40DB 00FF C=CODE   S=_TEXT          G=(none)  M=STRTOL     ACBP=28
 0000:41DA 010C C=CODE   S=_TEXT          G=(none)  M=WRITE      ACBP=28
 0000:42E6 003A C=CODE   S=_TEXT          G=(none)  M=WRITEA     ACBP=28
 0000:4320 0003 C=CODE   S=_TEXT          G=(none)  M=WRITEU     ACBP=28
 0000:4323 0028 C=CODE   S=_TEXT          G=(none)  M=XFCLOSE    ACBP=28
 0000:434B 0023 C=CODE   S=_TEXT          G=(none)  M=XFFLUSH    ACBP=28
 0000:436E 0028 C=CODE   S=_TEXT          G=(none)  M=FMEMCMP    ACBP=28
 0000:4396 0024 C=CODE   S=_TEXT          G=(none)  M=FMEMCPY    ACBP=28
 0000:43BA 0043 C=CODE   S=_TEXT          G=(none)  M=FMEMSET    ACBP=28
 0000:43FD 0029 C=CODE   S=_TEXT          G=(none)  M=FSTRCPY    ACBP=28
 0000:4426 0041 C=CODE   S=_TEXT          G=(none)  M=FSTRICMP   ACBP=28
 0000:4467 001F C=CODE   S=_TEXT          G=(none)  M=FSTRLEN    ACBP=28
 0000:4486 0036 C=CODE   S=_TEXT          G=(none)  M=DOSDFREE   ACBP=28
 044B:000C 0000 C=CODE   S=H_LDIV_TEXT    G=(none)  M=H_LDIV.ASM ACBP=48
 044B:000C 039A C=CODE   S=WOLFHACK_TEXT  G=(none)  M=WOLFHACK.C ACBP=28
 0485:0008 0065 C=CODE   S=WHACK_A_TEXT   G=(none)  M=WHACK_A.ASM ACBP=A8
 048C:0000 003B C=CODE   S=WL_ASM_TEXT    G=(none)  M=WL_ASM.ASM ACBP=A8
 048F:000B 17B1 C=CODE   S=WL_MAIN_TEXT   G=(none)  M=WL_MAIN.C  ACBP=28
 060A:000C 09A8 C=CODE   S=WL_TEXT_TEXT   G=(none)  M=WL_TEXT.C  ACBP=28
 06A5:0004 3E00 C=CODE   S=WL_MENU_TEXT   G=(none)  M=WL_MENU.C  ACBP=28
 0A85:0004 1412 C=CODE   S=WL_INTER_TEXT  G=(none)  M=WL_INTER.C ACBP=28
 0BC6:0006 1361 C=CODE   S=WL_GAME_TEXT   G=(none)  M=WL_GAME.C  ACBP=28
 0CFC:0007 1116 C=CODE   S=WL_PLAY_TEXT   G=(none)  M=WL_PLAY.C  ACBP=28
 0E0D:000D 0AF2 C=CODE   S=WL_DEBUG_TEXT  G=(none)  M=WL_DEBUG.C ACBP=28
 0EBC:000F 0FB7 C=CODE   S=WL_DRAW_TEXT   G=(none)  M=WL_DRAW.C  ACBP=28
 0FB8:0006 0454 C=CODE   S=WL_DR_A_TEXT   G=(none)  M=WL_DR_A.ASM ACBP=48
 0FFD:000A 08A2 C=CODE   S=WL_SCALE_TEXT  G=(none)  M=WL_SCALE.C ACBP=28
 1087:000C 1799 C=CODE   S=WL_STATE_TEXT  G=(none)  M=WL_STATE.C ACBP=28
 1201:0005 11FA C=CODE   S=WL_AGENT_TEXT  G=(none)  M=WL_AGENT.C ACBP=28
 1320:000F 0CBD C=CODE   S=WL_ACT1_TEXT   G=(none)  M=WL_ACT1.C  ACBP=28
 13EC:000C 222C C=CODE   S=WL_ACT2_TEXT   G=(none)  M=WL_ACT2.C  ACBP=28
 160F:0008 16B9 C=CODE   S=ID_CA_TEXT     G=(none)  M=ID_CA.C    ACBP=28
 177B:0001 0B2F C=CODE   S=ID_IN_TEXT     G=(none)  M=ID_IN.C    ACBP=28
 182E:0000 0E47 C=CODE   S=ID_MM_TEXT     G=(none)  M=ID_MM.C    ACBP=28
 1912:0007 1160 C=CODE   S=ID_PM_TEXT     G=(none)  M=ID_PM.C    ACBP=28
 1A28:0007 188F C=CODE   S=ID_SD_TEXT     G=(none)  M=ID_SD.C    ACBP=28
 1BB1:0006 03F2 C=CODE   S=ID_SD_A_TEXT   G=(none)  M=ID_SD_A.ASM ACBP=48
 1BF0:0008 0BA6 C=CODE   S=ID_US_1_TEXT   G=(none)  M=ID_US_1.C  ACBP=28
 1CAA:000E 0045 C=CODE   S=ID_US_A_TEXT   G=(none)  M=ID_US_A.ASM ACBP=48
 1CAF:0003 0B2D C=CODE   S=ID_VL_TEXT     G=(none)  M=ID_VL.C    ACBP=28
 1D62:0000 08E2 C=CODE   S=ID_VH_TEXT     G=(none)  M=ID_VH.C    ACBP=28
 1DF0:0002 0294 C=CODE   S=ID_VL_A_TEXT   G=(none)  M=ID_VL_A.ASM ACBP=48
 1E19:0006 01F6 C=CODE   S=ID_VH_A_TEXT   G=(none)  M=ID_VH_A.ASM ACBP=48
 1E39:0000 0000 C=CODE   S=EMU_PROG       G=(none)  M=FPINIT     ACBP=68
 1E39:0000 2777 C=CODE   S=EMU_PROG       G=(none)  M=EMU086     ACBP=68
 20B1:0000 0000 C=CODE   S=E87_PROG       G=(none)  M=FPINIT     ACBP=68
 20B1:0000 03E3 C=CODE   S=E87_PROG       G=(none)  M=EMU087     ACBP=68
 20B1:03F0 01D8 C=CODE   S=E87_PROG       G=(none)  M=E87TRAP    ACBP=68
 210E:0000 0000 C=FAR_DATA S=_FARDATA       G=(none)  M=C0.ASM     ACBP=68
 210E:0000 2000 C=FAR_DATA S=FAR_DATA       G=(none)  M=WHACK_A.ASM ACBP=60
 230E:0000 0102 C=FAR_DATA S=FAR_DATA       G=(none)  M=ID_US_A.ASM ACBP=60
 231F:0000 02F4 C=FAR_DATA S=WL_MAIN5_DATA  G=(none)  M=WL_MAIN.C  ACBP=68
 234F:0000 02D0 C=FAR_DATA S=WL_MENU5_DATA  G=(none)  M=WL_MENU.C  ACBP=68
 237C:0000 017A C=FAR_DATA S=WL_MENU6_DATA  G=(none)  M=WL_MENU.C  ACBP=68
 2394:0000 01F8 C=FAR_DATA S=WL_MENU7_DATA  G=(none)  M=WL_MENU.C  ACBP=68
 23B4:0000 00FC C=FAR_DATA S=WL_MENU8_DATA  G=(none)  M=WL_MENU.C  ACBP=68
 23C4:0000 01CE C=FAR_DATA S=WL_MENU9_DATA  G=(none)  M=WL_MENU.C  ACBP=68
 23E1:0000 00A8 C=FAR_DATA S=WL_MENU10_DATA G=(none)  M=WL_MENU.C  ACBP=68
 23EC:0000 01A4 C=FAR_DATA S=WL_MENU11_DATA G=(none)  M=WL_MENU.C  ACBP=68
 2407:0000 017A C=FAR_DATA S=WL_MENU12_DATA G=(none)  M=WL_MENU.C  ACBP=68
 241F:0000 0024 C=FAR_DATA S=WL_MENU13_DATA G=(none)  M=WL_MENU.C  ACBP=68
 2422:0000 FA00 C=FAR_DATA S=SignonSeg      G=(none)  M=SIGNON.BIN   ACBP=60
 33C2:0000 0080 C=FAR_DATA S=ID_IN5_DATA    G=(none)  M=ID_IN.C    ACBP=68
 33CA:0000 0080 C=FAR_DATA S=ID_IN6_DATA    G=(none)  M=ID_IN.C    ACBP=68
 33D2:0000 0080 C=FAR_DATA S=ID_IN7_DATA    G=(none)  M=ID_IN.C    ACBP=68
 33DA:0000 0000 C=FAR_BSS S=_FARBSS        G=(none)  M=C0.ASM     ACBP=68
 33DA:0000 0559 C=FAR_BSS S=_COMDEF_AA_    G=(none)  M=WL_ACT1.C  ACBP=60
 3430:0000 0708 C=FAR_BSS S=_COMDEF_AB_    G=(none)  M=WL_DRAW.C  ACBP=60
 34A1:0000 0E10 C=FAR_BSS S=_COMDEF_AC_    G=(none)  M=WL_DRAW.C  ACBP=60
 3582:0000 0095 C=FAR_BSS S=_COMDEF_AD_    G=(none)  M=ID_CA.C    ACBP=60
 358C:0000 1200 C=FAR_BSS S=_COMDEF_AE_    G=(none)  M=WL_PLAY.C  ACBP=60
 36AC:0000 1200 C=FAR_BSS S=_COMDEF_AF_    G=(none)  M=WL_PLAY.C  ACBP=60
 37CC:0000 20D0 C=FAR_BSS S=_COMDEF_AG_    G=(none)  M=ID_MM.C    ACBP=60
 39D9:0000 0300 C=FAR_BSS S=_COMDEF_AH_    G=(none)  M=ID_VL.C    ACBP=60
 3A09:0000 0300 C=FAR_BSS S=_COMDEF_AI_    G=(none)  M=ID_VL.C    ACBP=60
 3A39:0000 0000 C=OVRINFO S=_OVERLAY_      G=(none)  M=C0.ASM     ACBP=68
 3A39:0000 0000 C=STUBSEG S=_1STUB_        G=(none)  M=C0.ASM     ACBP=68
 3A39:0000 00D9 C=DATA   S=_DATA          G=DGROUP  M=C0.ASM     ACBP=68
 3A39:00DA 0000 C=DATA   S=_DATA          G=DGROUP  M=H_LDIV.ASM ACBP=48
 3A39:00DA 0002 C=DATA   S=_DATA          G=DGROUP  M=WOLFHACK.C ACBP=48
 3A39:00DC 0000 C=DATA   S=_DATA          G=DGROUP  M=WHACK_A.ASM ACBP=A8
 3A39:00DC 0000 C=DATA   S=_DATA          G=DGROUP  M=WL_ASM.ASM ACBP=A8
 3A39:00DC 0254 C=DATA   S=_DATA          G=DGROUP  M=WL_MAIN.C  ACBP=48
 3A39:0330 00A1 C=DATA   S=_DATA          G=DGROUP  M=WL_TEXT.C  ACBP=48
 3A39:03D2 06B4 C=DATA   S=_DATA          G=DGROUP  M=WL_MENU.C  ACBP=48
 3A39:0A86 03ED C=DATA   S=_DATA          G=DGROUP  M=WL_INTER.C ACBP=48
 3A39:0E74 03FC C=DATA   S=_DATA          G=DGROUP  M=WL_GAME.C  ACBP=48
 3A39:1270 0216 C=DATA   S=_DATA          G=DGROUP  M=WL_PLAY.C  ACBP=48
 3A39:1486 01FE C=DATA   S=_DATA          G=DGROUP  M=WL_DEBUG.C ACBP=48
 3A39:1684 0096 C=DATA   S=_DATA          G=DGROUP  M=WL_DRAW.C  ACBP=48
 3A39:171A 0000 C=DATA   S=_DATA          G=DGROUP  M=WL_DR_A.ASM ACBP=48
 3A39:171A 00F1 C=DATA   S=_DATA          G=DGROUP  M=WL_SCALE.C ACBP=48
 3A39:180C 00FF C=DATA   S=_DATA          G=DGROUP  M=WL_STATE.C ACBP=48
 3A39:190C 0112 C=DATA   S=_DATA          G=DGROUP  M=WL_AGENT.C ACBP=48
 3A39:1A1E 0119 C=DATA   S=_DATA          G=DGROUP  M=WL_ACT1.C  ACBP=48
 3A39:1B38 1412 C=DATA   S=_DATA          G=DGROUP  M=WL_ACT2.C  ACBP=48
 3A39:2F4A 0300 C=DATA   S=_DATA          G=DGROUP  M=GAMEPAL.BIN  ACBP=48
 3A39:324A 0109 C=DATA   S=_DATA          G=DGROUP  M=ID_CA.C    ACBP=48
 3A39:3354 005F C=DATA   S=_DATA          G=DGROUP  M=ID_IN.C    ACBP=48
 3A39:33B4 015B C=DATA   S=_DATA          G=DGROUP  M=ID_MM.C    ACBP=48
 3A39:3510 0490 C=DATA   S=_DATA          G=DGROUP  M=ID_PM.C    ACBP=48
 3A39:39A0 0265 C=DATA   S=_DATA          G=DGROUP  M=ID_SD.C    ACBP=48
 3A39:3C06 0104 C=DATA   S=_DATA          G=DGROUP  M=ID_SD_A.ASM ACBP=48
 3A39:3D0A 02B9 C=DATA   S=_DATA          G=DGROUP  M=ID_US_1.C  ACBP=48
 3A39:3FC4 0000 C=DATA   S=_DATA          G=DGROUP  M=ID_US_A.ASM ACBP=48
 3A39:3FC4 0097 C=DATA   S=_DATA          G=DGROUP  M=ID_VL.C    ACBP=48
 3A39:405C 0029 C=DATA   S=_DATA          G=DGROUP  M=ID_VH.C    ACBP=48
 3A39:4086 0002 C=DATA   S=_DATA          G=DGROUP  M=ID_VL_A.ASM ACBP=48
 3A39:4088 0000 C=DATA   S=_DATA          G=DGROUP  M=ID_VH_A.ASM ACBP=48
 3A39:4090 0002 C=DATA   S=_DATA          G=DGROUP  M=FPINIT     ACBP=68
 3A39:40A0 0000 C=DATA   S=_DATA          G=DGROUP  M=E87TRAP    ACBP=68
 3A39:40A0 0003 C=DATA   S=_DATA          G=DGROUP  M=PROTFLAG   ACBP=48
 3A39:40A4 0002 C=DATA   S=_DATA          G=DGROUP  M=DEFLT87    ACBP=48
 3A39:40A6 0000 C=DATA   S=_DATA          G=DGROUP  M=ATAN       ACBP=48
 3A39:40A6 0024 C=DATA   S=_DATA          G=DGROUP  M=HUGEVAL    ACBP=48
 3A39:40CA 0000 C=DATA   S=_DATA          G=DGROUP  M=LDTRUNC    ACBP=48
 3A39:40CA 0037 C=DATA   S=_DATA          G=DGROUP  M=MATHWHY    ACBP=48
 3A39:4102 0000 C=DATA   S=_DATA          G=DGROUP  M=REALCVT    ACBP=48
 3A39:4102 0018 C=DATA   S=_DATA          G=DGROUP  M=SCANTOD    ACBP=48
 3A39:411A 0000 C=DATA   S=_DATA          G=DGROUP  M=XCVT       ACBP=48
 3A39:411A 008C C=DATA   S=_DATA          G=DGROUP  M=FPERR      ACBP=48
 3A39:41A6 0080 C=DATA   S=_DATA          G=DGROUP  M=_POW10     ACBP=48
 3A39:4226 0000 C=DATA   S=_DATA          G=DGROUP  M=POW10D     ACBP=48
 3A39:4226 0000 C=DATA   S=_DATA          G=DGROUP  M=MATHERR    ACBP=48
 3A39:4226 000C C=DATA   S=_DATA          G=DGROUP  M=SIN        ACBP=48
 3A39:4232 000C C=DATA   S=_DATA          G=DGROUP  M=TAN        ACBP=48
 3A39:423E 000E C=DATA   S=_DATA          G=DGROUP  M=_MATHERR   ACBP=48
 3A39:424C 0018 C=DATA   S=_DATA          G=DGROUP  M=ATAN2      ACBP=48
 3A39:4270 0110 C=DATA   S=_DATA          G=DGROUP  M=EMUVARS    ACBP=68
 3A39:4380 0000 C=DATA   S=_DATA          G=DGROUP  M=FFTOL      ACBP=48
 3A39:4380 0002 C=DATA   S=_DATA          G=DGROUP  M=ATEXIT     ACBP=48
 3A39:4382 0101 C=DATA   S=_DATA          G=DGROUP  M=CTYPE      ACBP=48
 3A39:4484 0000 C=DATA   S=_DATA          G=DGROUP  M=DOSFATTR   ACBP=48
 3A39:4484 0000 C=DATA   S=_DATA          G=DGROUP  M=DOSGDATE   ACBP=48
 3A39:4484 0000 C=DATA   S=_DATA          G=DGROUP  M=DOSWRITE   ACBP=48
 3A39:4484 000C C=DATA   S=_DATA          G=DGROUP  M=EXIT       ACBP=48
 3A39:4490 0140 C=DATA   S=_DATA          G=DGROUP  M=FILES      ACBP=48
 3A39:45D0 002A C=DATA   S=_DATA          G=DGROUP  M=FILES2     ACBP=48
 3A39:45FA 0004 C=DATA   S=_DATA          G=DGROUP  M=FMODE      ACBP=48
 3A39:45FE 0002 C=DATA   S=_DATA          G=DGROUP  M=FPSTKLEN   ACBP=48
 3A39:4600 0000 C=DATA   S=_DATA          G=DGROUP  M=F_LXMUL    ACBP=48
 3A39:4600 0000 C=DATA   S=_DATA          G=DGROUP  M=F_PCMP     ACBP=48
 3A39:4600 0000 C=DATA   S=_DATA          G=DGROUP  M=F_SCOPY    ACBP=48
 3A39:4600 0000 C=DATA   S=_DATA          G=DGROUP  M=GETVECT    ACBP=48
 3A39:4600 0002 C=DATA   S=_DATA          G=DGROUP  M=HEAPLEN    ACBP=48
 3A39:4602 0000 C=DATA   S=_DATA          G=DGROUP  M=H_LLSH     ACBP=48
 3A39:4602 0000 C=DATA   S=_DATA          G=DGROUP  M=H_LRSH     ACBP=48
 3A39:4602 0000 C=DATA   S=_DATA          G=DGROUP  M=H_LURSH    ACBP=48
 3A39:4602 0000 C=DATA   S=_DATA          G=DGROUP  M=H_PADA     ACBP=48
 3A39:4602 0000 C=DATA   S=_DATA          G=DGROUP  M=H_PADD     ACBP=48
 3A39:4602 0000 C=DATA   S=_DATA          G=DGROUP  M=H_PSBP     ACBP=48
 3A39:4602 0000 C=DATA   S=_DATA          G=DGROUP  M=H_SPUSH    ACBP=48
 3A39:4602 005B C=DATA   S=_DATA          G=DGROUP  M=IOERROR    ACBP=48
 3A39:465E 0000 C=DATA   S=_DATA          G=DGROUP  M=ISATTY     ACBP=48
 3A39:465E 0000 C=DATA   S=_DATA          G=DGROUP  M=LONGTOA    ACBP=48
 3A39:465E 0000 C=DATA   S=_DATA          G=DGROUP  M=LSEEK      ACBP=48
 3A39:465E 0009 C=DATA   S=_DATA          G=DGROUP  M=MKNAME     ACBP=48
 3A39:4668 0000 C=DATA   S=_DATA          G=DGROUP  M=N_PCMP     ACBP=48
 3A39:4668 0000 C=DATA   S=_DATA          G=DGROUP  M=OUTPORT    ACBP=48
 3A39:4668 0000 C=DATA   S=_DATA          G=DGROUP  M=READA      ACBP=48
 3A39:4668 0000 C=DATA   S=_DATA          G=DGROUP  M=SCANTOL    ACBP=48
 3A39:4668 0000 C=DATA   S=_DATA          G=DGROUP  M=SETUPIO    ACBP=48
 3A39:4668 0000 C=DATA   S=_DATA          G=DGROUP  M=SIGDATA    ACBP=48
 3A39:4668 0002 C=DATA   S=_DATA          G=DGROUP  M=STKLEN     ACBP=48
 3A39:466A 0000 C=DATA   S=_DATA          G=DGROUP  M=TELL       ACBP=48
 3A39:466A 0000 C=DATA   S=_DATA          G=DGROUP  M=TOLOWER    ACBP=48
 3A39:466A 0000 C=DATA   S=_DATA          G=DGROUP  M=TOUPPER    ACBP=48
 3A39:466A 0000 C=DATA   S=_DATA          G=DGROUP  M=UNLINK     ACBP=48
 3A39:466A 0067 C=DATA   S=_DATA          G=DGROUP  M=VPRINTER   ACBP=48
 3A39:46D2 0000 C=DATA   S=_DATA          G=DGROUP  M=VRAM       ACBP=48
 3A39:46D2 0000 C=DATA   S=_DATA          G=DGROUP  M=XCLOSE     ACBP=48
 3A39:46D2 0000 C=DATA   S=_DATA          G=DGROUP  M=_STPCPY    ACBP=48
 3A39:46D2 0000 C=DATA   S=_DATA          G=DGROUP  M=BIOSKEY    ACBP=48
 3A39:46D2 0000 C=DATA   S=_DATA          G=DGROUP  M=BRK        ACBP=48
 3A39:46D2 0000 C=DATA   S=_DATA          G=DGROUP  M=CLRSCR     ACBP=48
 3A39:46D2 0000 C=DATA   S=_DATA          G=DGROUP  M=CORELEFT   ACBP=48
 3A39:46D2 0018 C=DATA   S=_DATA          G=DGROUP  M=CRTINIT    ACBP=48
 3A39:46EA 0031 C=DATA   S=_DATA          G=DGROUP  M=CVTFAK     ACBP=48
 3A39:471C 0000 C=DATA   S=_DATA          G=DGROUP  M=FARHEAP    ACBP=48
 3A39:471C 0002 C=DATA   S=_DATA          G=DGROUP  M=FBRK       ACBP=48
 3A39:471E 0000 C=DATA   S=_DATA          G=DGROUP  M=FCORELFT   ACBP=48
 3A39:471E 0000 C=DATA   S=_DATA          G=DGROUP  M=GOTOXY     ACBP=48
 3A39:471E 0000 C=DATA   S=_DATA          G=DGROUP  M=GPTEXT     ACBP=48
 3A39:471E 0000 C=DATA   S=_DATA          G=DGROUP  M=HARD       ACBP=48
 3A39:471E 0000 C=DATA   S=_DATA          G=DGROUP  M=HARDERR    ACBP=48
 3A39:471E 0000 C=DATA   S=_DATA          G=DGROUP  M=IOCTL      ACBP=48
 3A39:471E 0000 C=DATA   S=_DATA          G=DGROUP  M=MOVETEXT   ACBP=48
 3A39:471E 0006 C=DATA   S=_DATA          G=DGROUP  M=NEARHEAP   ACBP=48
 3A39:4724 0000 C=DATA   S=_DATA          G=DGROUP  M=REALCVT    ACBP=48
 3A39:4724 0000 C=DATA   S=_DATA          G=DGROUP  M=SCREEN     ACBP=48
 3A39:4724 0000 C=DATA   S=_DATA          G=DGROUP  M=SCROLL     ACBP=48
 3A39:4724 000E C=DATA   S=_DATA          G=DGROUP  M=SETARGV    ACBP=48
 3A39:4732 0000 C=DATA   S=_DATA          G=DGROUP  M=SETBLOCK   ACBP=48
 3A39:4732 0002 C=DATA   S=_DATA          G=DGROUP  M=SETENVP    ACBP=48
 3A39:4734 0000 C=DATA   S=_DATA          G=DGROUP  M=WHEREXY    ACBP=48
 3A39:4734 0000 C=DATA   S=_DATA          G=DGROUP  M=ATOL       ACBP=48
 3A39:4734 0000 C=DATA   S=_DATA          G=DGROUP  M=BDOS       ACBP=48
 3A39:4734 0000 C=DATA   S=_DATA          G=DGROUP  M=CHMODA     ACBP=48
 3A39:4734 0000 C=DATA   S=_DATA          G=DGROUP  M=CLOSE      ACBP=48
 3A39:4734 0000 C=DATA   S=_DATA          G=DGROUP  M=CLOSEA     ACBP=48
 3A39:4734 0000 C=DATA   S=_DATA          G=DGROUP  M=CREAT      ACBP=48
 3A39:4734 0000 C=DATA   S=_DATA          G=DGROUP  M=FCLOSE     ACBP=48
 3A39:4734 0000 C=DATA   S=_DATA          G=DGROUP  M=FFLUSH     ACBP=48
 3A39:4734 0000 C=DATA   S=_DATA          G=DGROUP  M=FINDFIRS   ACBP=48
 3A39:4734 0000 C=DATA   S=_DATA          G=DGROUP  M=FLENGTH    ACBP=48
 3A39:4734 0000 C=DATA   S=_DATA          G=DGROUP  M=FLUSHALL   ACBP=48
 3A39:4734 0000 C=DATA   S=_DATA          G=DGROUP  M=FOPEN      ACBP=48
 3A39:4734 0000 C=DATA   S=_DATA          G=DGROUP  M=FPRINTF    ACBP=48
 3A39:4734 0000 C=DATA   S=_DATA          G=DGROUP  M=FSEEK      ACBP=48
 3A39:4734 0000 C=DATA   S=_DATA          G=DGROUP  M=GETENV     ACBP=48
 3A39:4734 0000 C=DATA   S=_DATA          G=DGROUP  M=LTOA1      ACBP=48
 3A39:4734 0000 C=DATA   S=_DATA          G=DGROUP  M=MEMCPY     ACBP=48
 3A39:4734 0000 C=DATA   S=_DATA          G=DGROUP  M=MOVEDATA   ACBP=48
 3A39:4734 0000 C=DATA   S=_DATA          G=DGROUP  M=OPEN       ACBP=48
 3A39:4734 0000 C=DATA   S=_DATA          G=DGROUP  M=OPENA      ACBP=48
 3A39:4734 0000 C=DATA   S=_DATA          G=DGROUP  M=PRINTF     ACBP=48
 3A39:4734 0001 C=DATA   S=_DATA          G=DGROUP  M=PUTC       ACBP=48
 3A39:4736 0000 C=DATA   S=_DATA          G=DGROUP  M=PUTS       ACBP=48
 3A39:4736 0000 C=DATA   S=_DATA          G=DGROUP  M=READ       ACBP=48
 3A39:4736 0000 C=DATA   S=_DATA          G=DGROUP  M=READU      ACBP=48
 3A39:4736 0004 C=DATA   S=_DATA          G=DGROUP  M=SETVBUF    ACBP=48
 3A39:473A 0000 C=DATA   S=_DATA          G=DGROUP  M=SPRINTF    ACBP=48
 3A39:473A 0000 C=DATA   S=_DATA          G=DGROUP  M=STRCAT     ACBP=48
 3A39:473A 0000 C=DATA   S=_DATA          G=DGROUP  M=STRCPY     ACBP=48
 3A39:473A 0000 C=DATA   S=_DATA          G=DGROUP  M=STRLEN     ACBP=48
 3A39:473A 0000 C=DATA   S=_DATA          G=DGROUP  M=STRTOL     ACBP=48
 3A39:473A 0000 C=DATA   S=_DATA          G=DGROUP  M=WRITE      ACBP=48
 3A39:473A 0000 C=DATA   S=_DATA          G=DGROUP  M=WRITEA     ACBP=48
 3A39:473A 0000 C=DATA   S=_DATA          G=DGROUP  M=WRITEU     ACBP=48
 3A39:473A 0000 C=DATA   S=_DATA          G=DGROUP  M=XFCLOSE    ACBP=48
 3A39:473A 0000 C=DATA   S=_DATA          G=DGROUP  M=XFFLUSH    ACBP=48
 3A39:473A 0000 C=DATA   S=_DATA          G=DGROUP  M=FMEMCMP    ACBP=48
 3A39:473A 0000 C=DATA   S=_DATA          G=DGROUP  M=FMEMCPY    ACBP=48
 3A39:473A 0000 C=DATA   S=_DATA          G=DGROUP  M=FMEMSET    ACBP=48
 3A39:473A 0000 C=DATA   S=_DATA          G=DGROUP  M=FSTRCPY    ACBP=48
 3A39:473A 0000 C=DATA   S=_DATA          G=DGROUP  M=FSTRICMP   ACBP=48
 3A39:473A 0000 C=DATA   S=_DATA          G=DGROUP  M=FSTRLEN    ACBP=48
 3A39:473A 0000 C=DATA   S=_DATA          G=DGROUP  M=DOSDFREE   ACBP=48
 3A39:473A 0000 C=DATA   S=_CVTSEG        G=DGROUP  M=C0.ASM     ACBP=48
 3A39:473A 0002 C=DATA   S=_CVTSEG        G=DGROUP  M=REALCVT    ACBP=48
 3A39:473C 0002 C=DATA   S=_CVTSEG        G=DGROUP  M=CVTFAK     ACBP=48
 3A39:473E 0000 C=DATA   S=_CVTSEG        G=DGROUP  M=REALCVT    ACBP=48
 3A39:473E 0000 C=DATA   S=_SCNSEG        G=DGROUP  M=C0.ASM     ACBP=48
 3A39:473E 0006 C=DATA   S=_SCNSEG        G=DGROUP  M=SCANTOD    ACBP=48
 3A39:4744 0006 C=DATA   S=_SCNSEG        G=DGROUP  M=CVTFAK     ACBP=48
 3A39:474A 0000 C=CONST  S=_CONST         G=DGROUP  M=C0.ASM     ACBP=48
 3A39:474A 0000 C=INITDATA S=_INIT_         G=DGROUP  M=C0.ASM     ACBP=48
 3A39:474A 0006 C=INITDATA S=_INIT_         G=DGROUP  M=FPINIT     ACBP=48
 3A39:4750 0006 C=INITDATA S=_INIT_         G=DGROUP  M=SETUPIO    ACBP=48
 3A39:4756 0006 C=INITDATA S=_INIT_         G=DGROUP  M=CRTINIT    ACBP=48
 3A39:475C 0006 C=INITDATA S=_INIT_         G=DGROUP  M=SETARGV    ACBP=48
 3A39:4762 0006 C=INITDATA S=_INIT_         G=DGROUP  M=SETENVP    ACBP=48
 3A39:4768 0000 C=INITDATA S=_INITEND_      G=DGROUP  M=C0.ASM     ACBP=28
 3A39:4768 0000 C=EXITDATA S=_EXIT_         G=DGROUP  M=C0.ASM     ACBP=48
 3A39:4768 0006 C=EXITDATA S=_EXIT_         G=DGROUP  M=FPINIT     ACBP=48
 3A39:476E 0000 C=EXITDATA S=_EXITEND_      G=DGROUP  M=C0.ASM     ACBP=28
 3A39:476E 0000 C=BSS    S=_BSS           G=DGROUP  M=C0.ASM     ACBP=48
 3A39:476E 0000 C=BSS    S=_BSS           G=DGROUP  M=WOLFHACK.C ACBP=48
 3A39:476E 0002 C=BSS    S=_BSS           G=DGROUP  M=WL_MAIN.C  ACBP=48
 3A39:4770 0000 C=BSS    S=_BSS           G=DGROUP  M=WL_TEXT.C  ACBP=48
 3A39:4770 0002 C=BSS    S=_BSS           G=DGROUP  M=WL_MENU.C  ACBP=48
 3A39:4772 0000 C=BSS    S=_BSS           G=DGROUP  M=WL_INTER.C ACBP=48
 3A39:4772 0000 C=BSS    S=_BSS           G=DGROUP  M=WL_GAME.C  ACBP=48
 3A39:4772 0000 C=BSS    S=_BSS           G=DGROUP  M=WL_PLAY.C  ACBP=48
 3A39:4772 000A C=BSS    S=_BSS           G=DGROUP  M=WL_DEBUG.C ACBP=48
 3A39:477C 0000 C=BSS    S=_BSS           G=DGROUP  M=WL_DRAW.C  ACBP=48
 3A39:477C 0004 C=BSS    S=_BSS           G=DGROUP  M=WL_SCALE.C ACBP=48
 3A39:4780 0000 C=BSS    S=_BSS           G=DGROUP  M=WL_STATE.C ACBP=48
 3A39:4780 0000 C=BSS    S=_BSS           G=DGROUP  M=WL_AGENT.C ACBP=48
 3A39:4780 0000 C=BSS    S=_BSS           G=DGROUP  M=WL_ACT1.C  ACBP=48
 3A39:4780 0000 C=BSS    S=_BSS           G=DGROUP  M=WL_ACT2.C  ACBP=48
 3A39:4780 0000 C=BSS    S=_BSS           G=DGROUP  M=ID_CA.C    ACBP=48
 3A39:4780 0014 C=BSS    S=_BSS           G=DGROUP  M=ID_IN.C    ACBP=48
 3A39:4794 0000 C=BSS    S=_BSS           G=DGROUP  M=ID_MM.C    ACBP=48
 3A39:4794 0000 C=BSS    S=_BSS           G=DGROUP  M=ID_PM.C    ACBP=48
 3A39:4794 0180 C=BSS    S=_BSS           G=DGROUP  M=ID_SD.C    ACBP=48
 3A39:4914 0030 C=BSS    S=_BSS           G=DGROUP  M=ID_US_1.C  ACBP=48
 3A39:4944 0000 C=BSS    S=_BSS           G=DGROUP  M=ID_VL.C    ACBP=48
 3A39:4944 0000 C=BSS    S=_BSS           G=DGROUP  M=ID_VH.C    ACBP=48
 3A39:4944 0000 C=BSS    S=_BSS           G=DGROUP  M=ATAN       ACBP=48
 3A39:4944 0000 C=BSS    S=_BSS           G=DGROUP  M=LDTRUNC    ACBP=48
 3A39:4944 0000 C=BSS    S=_BSS           G=DGROUP  M=REALCVT    ACBP=48
 3A39:4944 0000 C=BSS    S=_BSS           G=DGROUP  M=SCANTOD    ACBP=48
 3A39:4944 0000 C=BSS    S=_BSS           G=DGROUP  M=XCVT       ACBP=48
 3A39:4944 0000 C=BSS    S=_BSS           G=DGROUP  M=_POW10     ACBP=48
 3A39:4944 0000 C=BSS    S=_BSS           G=DGROUP  M=SIN        ACBP=48
 3A39:4944 0000 C=BSS    S=_BSS           G=DGROUP  M=TAN        ACBP=48
 3A39:4944 0000 C=BSS    S=_BSS           G=DGROUP  M=ATAN2      ACBP=48
 3A39:4944 0080 C=BSS    S=_BSS           G=DGROUP  M=ATEXIT     ACBP=48
 3A39:49C4 0000 C=BSS    S=_BSS           G=DGROUP  M=DOSFATTR   ACBP=48
 3A39:49C4 0000 C=BSS    S=_BSS           G=DGROUP  M=DOSWRITE   ACBP=48
 3A39:49C4 0000 C=BSS    S=_BSS           G=DGROUP  M=GETVECT    ACBP=48
 3A39:49C4 0000 C=BSS    S=_BSS           G=DGROUP  M=IOERROR    ACBP=48
 3A39:49C4 0000 C=BSS    S=_BSS           G=DGROUP  M=ISATTY     ACBP=48
 3A39:49C4 0000 C=BSS    S=_BSS           G=DGROUP  M=LONGTOA    ACBP=48
 3A39:49C4 0000 C=BSS    S=_BSS           G=DGROUP  M=LSEEK      ACBP=48
 3A39:49C4 000D C=BSS    S=_BSS           G=DGROUP  M=MKNAME     ACBP=48
 3A39:49D2 0000 C=BSS    S=_BSS           G=DGROUP  M=OUTPORT    ACBP=48
 3A39:49D2 0000 C=BSS    S=_BSS           G=DGROUP  M=READA      ACBP=48
 3A39:49D2 0000 C=BSS    S=_BSS           G=DGROUP  M=SCANTOL    ACBP=48
 3A39:49D2 0000 C=BSS    S=_BSS           G=DGROUP  M=SETUPIO    ACBP=48
 3A39:49D2 0004 C=BSS    S=_BSS           G=DGROUP  M=SIGDATA    ACBP=48
 3A39:49D6 0000 C=BSS    S=_BSS           G=DGROUP  M=UNLINK     ACBP=48
 3A39:49D6 0000 C=BSS    S=_BSS           G=DGROUP  M=VPRINTER   ACBP=48
 3A39:49D6 0000 C=BSS    S=_BSS           G=DGROUP  M=VRAM       ACBP=48
 3A39:49D6 0000 C=BSS    S=_BSS           G=DGROUP  M=BIOSKEY    ACBP=48
 3A39:49D6 0000 C=BSS    S=_BSS           G=DGROUP  M=BRK        ACBP=48
 3A39:49D6 0000 C=BSS    S=_BSS           G=DGROUP  M=CORELEFT   ACBP=48
 3A39:49D6 0000 C=BSS    S=_BSS           G=DGROUP  M=CRTINIT    ACBP=48
 3A39:49D6 000C C=BSS    S=_BSS           G=DGROUP  M=HARDERR    ACBP=48
 3A39:49E2 0000 C=BSS    S=_BSS           G=DGROUP  M=IOCTL      ACBP=48
 3A39:49E2 0000 C=BSS    S=_BSS           G=DGROUP  M=SETBLOCK   ACBP=48
 3A39:49E2 0000 C=BSS    S=_BSS           G=DGROUP  M=ATOL       ACBP=48
 3A39:49E2 0000 C=BSS    S=_BSS           G=DGROUP  M=BDOS       ACBP=48
 3A39:49E2 0000 C=BSS    S=_BSS           G=DGROUP  M=CHMODA     ACBP=48
 3A39:49E2 0000 C=BSS    S=_BSS           G=DGROUP  M=CLOSEA     ACBP=48
 3A39:49E2 0000 C=BSS    S=_BSS           G=DGROUP  M=CREAT      ACBP=48
 3A39:49E2 0000 C=BSS    S=_BSS           G=DGROUP  M=FINDFIRS   ACBP=48
 3A39:49E2 0000 C=BSS    S=_BSS           G=DGROUP  M=FLENGTH    ACBP=48
 3A39:49E2 0000 C=BSS    S=_BSS           G=DGROUP  M=GETENV     ACBP=48
 3A39:49E2 0000 C=BSS    S=_BSS           G=DGROUP  M=MEMCPY     ACBP=48
 3A39:49E2 0000 C=BSS    S=_BSS           G=DGROUP  M=MOVEDATA   ACBP=48
 3A39:49E2 0000 C=BSS    S=_BSS           G=DGROUP  M=OPEN       ACBP=48
 3A39:49E2 0000 C=BSS    S=_BSS           G=DGROUP  M=OPENA      ACBP=48
 3A39:49E2 0001 C=BSS    S=_BSS           G=DGROUP  M=PUTC       ACBP=48
 3A39:49E4 0000 C=BSS    S=_BSS           G=DGROUP  M=READ       ACBP=48
 3A39:49E4 0000 C=BSS    S=_BSS           G=DGROUP  M=STRCAT     ACBP=48
 3A39:49E4 0000 C=BSS    S=_BSS           G=DGROUP  M=STRCPY     ACBP=48
 3A39:49E4 0000 C=BSS    S=_BSS           G=DGROUP  M=STRLEN     ACBP=48
 3A39:49E4 0000 C=BSS    S=_BSS           G=DGROUP  M=WRITEA     ACBP=48
 3A39:49E4 0000 C=BSS    S=_BSS           G=DGROUP  M=FMEMCMP    ACBP=48
 3A39:49E4 0000 C=BSS    S=_BSS           G=DGROUP  M=FMEMCPY    ACBP=48
 3A39:49E4 0000 C=BSS    S=_BSS           G=DGROUP  M=FMEMSET    ACBP=48
 3A39:49E4 0000 C=BSS    S=_BSS           G=DGROUP  M=FSTRCPY    ACBP=48
 3A39:49E4 0000 C=BSS    S=_BSS           G=DGROUP  M=FSTRICMP   ACBP=48
 3A39:49E4 0000 C=BSS    S=_BSS           G=DGROUP  M=FSTRLEN    ACBP=48
 3A39:49E4 A5CB C=BSS    S=_COMDEF_       G=DGROUP  M=WOLFHACK.C ACBP=48
 3A39:EFAF 0000 C=BSSEND S=_BSSEND        G=DGROUP  M=C0.ASM     ACBP=28
 4934:0000 0080 C=STACK  S=_STACK         G=(none)  M=C0.ASM     ACBP=74

  Address         Publics by Name

 3A39:0000 idle  DATASEG@
 0000:02AE idle  DGROUP@
 1E39:2152       e086_Entry
 1E39:26E0       e086_Shortcut
 20B1:0306       e087_Entry
 20B1:03C6       e087_Shortcut
 20B1:0430       e087_Trap
 0000:FE32 idle  FIARQQ
 0000:0E32 idle  FICRQQ
 0000:5C32  Abs  FIDRQQ
 0000:1632  Abs  FIERQQ
 0000:0632 idle  FISRQQ
 0000:A23D  Abs  FIWRQQ
 0000:4000 idle  FJARQQ
 0000:C000 idle  FJCRQQ
 0000:8000 idle  FJSRQQ
 0000:1130 idle  FTOL@
 0000:1130       F_FTOL@
 0000:02B5       F_LDIV@
 0000:02DC       F_LMOD@
 0000:02D4 idle  F_LUDIV@
 0000:02E4 idle  F_LUMOD@
 0000:1320       F_LXLSH@
 0000:12A9       F_LXMUL@
 0000:1341       F_LXRSH@
 0000:1361       F_LXURSH@
 0000:1382       F_PADA@
 0000:140A       F_PADD@
 0000:12C0       F_PCMP@
 0000:13C6       F_PSBA@
 0000:146A       F_PSBP@
 0000:1439 idle  F_PSUB@
 0000:12E1       F_SCOPY@
 0000:1495       F_SPUSH@
 0000:02B5       LDIV@
 0000:02DC idle  LMOD@
 0000:02D4 idle  LUDIV@
 0000:02E4 idle  LUMOD@
 0000:1320 idle  LXLSH@
 0000:12A9 idle  LXMUL@
 0000:1341 idle  LXRSH@
 0000:1361 idle  LXURSH@
 0000:02B2 idle  N_LDIV@
 0000:02D9 idle  N_LMOD@
 0000:02D1 idle  N_LUDIV@
 0000:02E1 idle  N_LUMOD@
 0000:131D       N_LXLSH@
 0000:133E idle  N_LXRSH@
 0000:135E idle  N_LXURSH@
 0000:137F idle  N_PADA@
 0000:1407       N_PADD@
 0000:1657       N_PCMP@
 0000:13C3 idle  N_PSBA@
 0000:1467       N_PSBP@
 0000:1436 idle  N_PSUB@
 0000:148F idle  N_SPUSH@
 0000:1382 idle  PADA@
 0000:140A idle  PADD@
 0000:12C0 idle  PCMP@
 0000:13C6 idle  PSBA@
 0000:146A idle  PSBP@
 0000:1439 idle  PSUB@
 0000:12E1 idle  SCOPY@
 0000:1495 idle  SPUSH@
 0000:0296       _abort
 3A39:EE11       _abortprogram
 3A39:55BA       _actorat
 3A39:9C43       _AdLibPresent
 3A39:3293 idle  _afilename
 3A39:E8B0       _aftersort
 3A39:3289 idle  _aheadname
 3A39:EAB2       _alBlock
 3A39:EAAE       _alLengthLeft
 3A39:EAB8       _alNoCheck
 1A28:0D03       _alOut
 3A39:EAB4       _alSound
 3A39:EAAA       _alTimeCount
 3A39:EA9A       _alZeroInst
 3A39:D9C6       _angle
 3A39:A4E2       _anglefrac
 3A39:52DC       _areabyplayer
 33DA:0000       _areaconnect
 0FB8:0072       _AsmRefresh
 0000:05E8       _atan
 0000:1075       _atan2
 0000:115C idle  _atexit
 0000:3279 idle  _atoi
 0000:3209       _atol
 3A39:192C idle  _attackinfo
 3A39:E01D       _audiohandle
 3A39:E023       _audiohuffman
 3A39:324A       _audioname
 3A39:A054       _audiosegs
 3A39:E81B       _audiostarts
 13EC:072D       _A_DeathScream
 13EC:1220 idle  _A_HitlerMorph
 13EC:12A8 idle  _A_MechaSound
 13EC:12D8 idle  _A_Slurpie
 13EC:000C idle  _A_Smoke
 13EC:1F4F idle  _A_StartDeathCam
 3A39:9956       _backcolor
 060A:0660 idle  _BackPage
 0FFD:000A idle  _BadScale
 3A39:4C52       _basedist
 0000:3286       _bdos
 3A39:E8B4       _beforesort
 0000:1F54       _bioskey
 0A85:056F idle  _BJ_Breathe
 3A39:9957       _blockstarts
 3A39:E896       _bombonerror
 3A39:A41C       _bonuscount
 3A39:EE15       _bordercolor
 06A5:025E idle  _BossKey
 0000:1FCC idle  _brk
 3A39:E828       _btnstate
 3A39:EFAB       _bufferheight
 3A39:52D4       _bufferofs
 3A39:E826       _bufferseg
 3A39:EFAD       _bufferwidth
 0FFD:01DB idle  _BuildCompScale
 048F:0BFA idle  _BuildTables
 3A39:EE0F       _Button0
 3A39:EE0D       _Button1
 3A39:A4FE       _buttonheld
 3A39:1290       _buttonjoy
 3A39:1288       _buttonmouse
 3A39:1278       _buttonscan
 3A39:A4EA       _buttonstate
 060A:068A idle  _CacheLayoutGraphics
 06A5:2D10       _CacheLump
 0EBC:02F9 idle  _CalcHeight
 048F:0D49 idle  _CalcProjection
 0EBC:0A73 idle  _CalcRotate
 0EBC:0D9E       _CalcTics
 06A5:148E idle  _CalibrateJoystick
 160F:046B idle  _CAL_CarmackExpand
 160F:0E22 idle  _CAL_ExpandGrChunk
 160F:0088 idle  _CAL_GetGrChunkLength
 160F:0300 idle  _CAL_HuffExpand
 160F:02B5 idle  _CAL_OptimizeNodes
 160F:0B75 idle  _CAL_SetupAudioFile
 160F:078E idle  _CAL_SetupGrFile
 160F:09C0 idle  _CAL_SetupMapFile
 160F:0CF9       _CA_CacheAudioChunk
 160F:0EF4       _CA_CacheGrChunk
 160F:111A       _CA_CacheMap
 160F:135D       _CA_CacheMarks
 160F:1031       _CA_CacheScreen
 160F:165E idle  _CA_CannotOpen
 160F:12ED idle  _CA_ClearAllMarks
 160F:12CC idle  _CA_ClearMarks
 160F:0077 idle  _CA_CloseDebug
 160F:12A6       _CA_DownLevel
 160F:00E4       _CA_FarRead
 160F:012F       _CA_FarWrite
 3A39:9EE9       _ca_levelbit
 3A39:E823       _ca_levelnum
 160F:0DA1       _CA_LoadAllSounds
 160F:023B idle  _CA_LoadFile
 160F:0056 idle  _CA_OpenDebug
 160F:017A idle  _CA_ReadFile
 160F:058F idle  _CA_RLEWCompress
 160F:06D7 idle  _CA_RLEWexpand
 160F:1336       _CA_SetAllPurge
 160F:130F idle  _CA_SetGrPurge
 160F:0CD0       _CA_Shutdown
 160F:0CAF       _CA_Startup
 160F:1269       _CA_UpLevel
 160F:01E5       _CA_WriteFile
 0CFC:05E6       _CenterWindow
 3A39:9896       _centerx
 06A5:3C30       _CheckForEpisodes
 0A85:120F       _CheckHighScore
 048C:0000       _CheckIs386
 0CFC:0614 idle  _CheckKeys
 1087:0FED       _CheckLine
 06A5:3B7D idle  _CheckPause
 13EC:1EB7 idle  _CheckPosition
 1087:1291 idle  _CheckSight
 1201:0005 idle  _CheckWeaponChange
 3A39:E019       _chunkcomplen
 3A39:E015       _chunkexplen
 3A39:D866       _ChunksInFile
 06A5:2F07 idle  _CleanupControlPanel
 0BC6:017B       _ClearMemory
 06A5:2CF7       _ClearMScreen
 0CFC:0CBC idle  _ClearPaletteShifts
 0A85:0004       _ClearSplitVWB
 1201:091D idle  _ClipMove
 0000:32B1       _close
 1320:0369 idle  _CloseDoor
 0000:1FE8       _clrscr
 1201:0B37 idle  _Cmd_Fire
 1201:0B89 idle  _Cmd_Use
 3A39:0418 idle  _color_hlite
 3A39:0420 idle  _color_norml
 3A39:D846       _compatability
 3A39:00EE       _configname
 06A5:3839 idle  _Confirm
 1320:01B7 idle  _ConnectAreas
 1201:0039 idle  _ControlMovement
 3A39:E844       _Controls
 3A39:A4FC       _controlx
 3A39:A4FA       _controly
 0000:2011       _coreleft
 3A39:1694       _costable
 0E0D:00C2 idle  _CountObjects
 06A5:288C idle  _CP_ChangeView
 06A5:02A8 idle  _CP_CheckQuick
 06A5:16A9 idle  _CP_Control
 06A5:079D idle  _CP_EndGame
 06A5:0EDA idle  _CP_LoadGame
 06A5:0851 idle  _CP_NewGame
 06A5:2A7D idle  _CP_Quit
 06A5:11BB idle  _CP_SaveGame
 06A5:0ADF idle  _CP_Sound
 06A5:07F3       _CP_ViewScores
 0000:3310       _creat
 3A39:03F0 idle  _CtlItems
 23B4:0000 idle  _CtlMenu
 3A39:EE0B       _CursorBad
 3A39:EE09       _CursorX
 3A39:EE07       _CursorY
 3A39:03FA idle  _CusItems
 2407:0000 idle  _CusMenu
 06A5:1C5A idle  _CustomControls
 1087:0EF2       _DamageActor
 3A39:A41E       _damagecount
 3A39:E81F       _debughandle
 0E0D:076C       _DebugKeys
 0E0D:000D idle  _DebugMemory
 3A39:A4DE       _DebugOk
 06A5:1D37 idle  _DefineJoyBtns
 06A5:1D73 idle  _DefineKeyBtns
 06A5:1DAF idle  _DefineKeyMove
 06A5:1CFB idle  _DefineMouseBtns
 3A39:E842       _DemoBuffer
 3A39:A2AC       _demobuffer
 048F:159A idle  _DemoLoop
 3A39:335E idle  _DemoMode
 3A39:1204       _demoname
 3A39:E840       _DemoOffset
 3A39:A2B6       _demoplayback
 3A39:A2B2       _demoptr
 3A39:A2B8       _demorecord
 3A39:E83E       _DemoSize
 3A39:181E idle  _diagonal
 0BC6:0F34 idle  _Died
 3A39:ECD5       _DigiLastEnd
 3A39:ECD7       _DigiLastStart
 3A39:ECDB       _DigiLeft
 3A39:D84A       _DigiList
 3A39:9B8B       _DigiMap
 3A39:9C3B       _DigiMode
 3A39:ECEF       _DigiNumber
 3A39:ECD9       _DigiPage
 3A39:ED07       _DigiPlaying
 3A39:ECEB       _DigiPriority
 3A39:00DC       _dirangle
 3A39:46E1       _directvideo
 3A39:1270       _dirscan
 3A39:1B38 idle  _dirtable
 048F:03BA idle  _DiskFlopAnim
 3A39:9D4E       _displayofs
 0CFC:0E00 idle  _DoActor
 048F:03E9 idle  _DoChecksum
 048F:1041 idle  _DoJukebox
 1320:07B9 idle  _DoorClosing
 3A39:D85C       _doornum
 3A39:86BA       _doorobjlist
 1320:0631 idle  _DoorOpen
 1320:065F idle  _DoorOpening
 3A39:5328       _doorposition
 0BC6:09E5       _DrawAllPlayBorder
 0BC6:09BA       _DrawAllPlayBorderSides
 1201:04F5       _DrawAmmo
 06A5:29FF idle  _DrawChangeView
 06A5:1A9B idle  _DrawCtlScreen
 06A5:275E idle  _DrawCustJoy
 06A5:27F2 idle  _DrawCustKeybd
 06A5:285A idle  _DrawCustKeys
 06A5:26B7 idle  _DrawCustMouse
 06A5:23A7 idle  _DrawCustomScreen
 1201:01FF       _DrawFace
 06A5:34BE idle  _DrawGun
 06A5:347E idle  _DrawHalfStep
 1201:032A       _DrawHealth
 0A85:1041       _DrawHighScores
 1201:047F       _DrawKeys
 1201:03C2       _DrawLevel
 1201:03DB       _DrawLives
 06A5:1089 idle  _DrawLoadSaveScreen
 06A5:0E5E idle  _DrawLSAction
 06A5:01BE idle  _DrawMainMenu
 06A5:35AC       _DrawMenu
 06A5:3BBD idle  _DrawMenuGun
 06A5:17AE idle  _DrawMouseSens
 06A5:098F idle  _DrawNewEpisode
 06A5:0A3C idle  _DrawNewGame
 06A5:0AC6 idle  _DrawNewGameDiff
 06A5:2DA4 idle  _DrawOutline
 044B:027E idle  _DrawPlanes
 0BC6:0A11       _DrawPlayBorder
 0BC6:0930 idle  _DrawPlayBorderSides
 0EBC:0D02 idle  _DrawPlayerWeapon
 0BC6:0ADB       _DrawPlayScreen
 0EBC:0AEF idle  _DrawScaleds
 1201:0411       _DrawScore
 06A5:0C70 idle  _DrawSoundMenu
 044B:0034 idle  _DrawSpans
 06A5:3BF0       _DrawStripes
 1201:0468       _DrawWeapon
 06A5:2D6E       _DrawWindow
 1087:0B99 idle  _DropItem
 3A39:A422       _dummyobj
 3A39:0E74 idle  _ElevatorBackTo
 3A39:352A idle  _EMMDriverName
 3A39:E8F2       _EMSAvail
 3A39:E8F0       _EMSHandle
 3A39:E8D4       _EMSList
 3A39:E8EE       _EMSPageFrame
 3A39:A294       _EMSPagesAvail
 3A39:E8C2       _EMSPagesUsed
 3A39:E8EC       _EMSPhysicalPage
 3A39:A298       _EMSPresent
 3A39:0330 idle  _endextern
 3A39:0341       _endfilename
 234F:0000 idle  _endStrings
 060A:090C       _EndText
 06A5:1DEB idle  _EnterCtrlData
 3A39:4732       _environ
 3A39:0428 idle  _EpisodeSelect
 06A5:3407 idle  _EraseGun
 3A39:00C3       _errno
 0000:126E       _exit
 3A39:A04F       _extension
 3A39:A50E       _extravbls
 3A39:A4E0       _facecount
 0000:2757       _farcoreleft
 0000:2333       _farfree
 3A39:E8AA       _farheap
 0000:243D       _farmalloc
 3A39:863A       _farmapylookup
 0000:259A idle  _farrealloc
 0EBC:040A       _FarScalePost
 3A39:D868       _farthest
 3A39:EE13       _fastpalette
 0000:3382       _fclose
 0000:33FF       _fflush
 0000:34E0       _filelength
 0000:3480       _findfirst
 0000:34B3       _findnext
 34A1:0000       _finetangent
 0BC6:0BC7 idle  _FinishDemoRecord
 0CFC:0DD6       _FinishPaletteShifts
 048F:0F21 idle  _FinishSignon
 1087:138E idle  _FirstSighting
 0EBC:000F       _FixedByFrac
 044B:000C idle  _FixedMul
 0EBC:0E01       _FixOfs
 06A5:2237 idle  _FixupCustom
 1D62:07A1       _FizzleFade
 3A39:A2C8       _fizzlein
 0000:3521       _flushall
 3A39:989A       _focallength
 3A39:D9D0       _focaltx
 3A39:D9CE       _focalty
 3A39:9D4D       _fontcolor
 3A39:9D4B       _fontnumber
 0000:36DC       _fopen
 0000:36FB       _fprintf
 0000:3B2A       _fputc
 0000:3C5E idle  _fputchar
 3A39:A4E6       _frameon
 0000:2A9D       _free
 3A39:168A       _freelatch
 06A5:3B16       _FreeMusic
 0000:376E       _fseek
 0000:37D6 idle  _ftell
 3A39:D9DC       _fullscalefarcall
 3A39:A416       _funnyticount
 0BC6:1162       _GameLoop
 3A39:2F4A       _gamepal
 3A39:ED0B       _Games
 3A39:95C2       _gamestate
 3A39:326B idle  _gdictname
 1201:0557       _GetBonus
 0000:3823       _getenv
 0CFC:09F4       _GetNewActor
 0000:27F0       _gettext
 0000:12FD       _getvect
 3A39:3261 idle  _gfilename
 3A39:3257 idle  _gheadname
 1201:050D idle  _GiveAmmo
 1201:03F3 idle  _GiveExtraMan
 1201:0542 idle  _GiveKey
 1201:042B       _GivePoints
 1201:04CC       _GiveWeapon
 3A39:A2A8       _globalsoundx
 3A39:A2A4       _globalsoundy
 3A39:A512       _godmode
 3A39:E00B       _gotgatgun
 0000:27A7       _gotoxy
 160F:0008 idle  _GRFILEPOS
 3A39:E021       _grhandle
 3A39:E41F       _grhuffman
 3582:0000       _grneeded
 3A39:9D50       _grsegs
 3A39:E81D       _grstarts
 1201:0DFF idle  _GunAttack
 3A39:ED01       _HackCount
 3A39:00DA idle  _halfheight
 060A:00F7 idle  _HandleCommand
 060A:03A7 idle  _HandleCtrls
 06A5:2F1D       _HandleMenu
 060A:03C7 idle  _HandleWord
 0000:2885       _harderr
 0000:2897 idle  _hardresume
 0000:28A5 idle  _hardretn
 1201:039B       _HealSelf
 3A39:9606       _heightnumerator
 3A39:0332 idle  _helpextern
 3A39:0334 idle  _helpfilename
 060A:0885 idle  _HelpScreens
 0EBC:0653       _HitHorizDoor
 0EBC:0857       _HitHorizPWall
 0EBC:0531       _HitHorizWall
 0EBC:0753       _HitVertDoor
 0EBC:0931       _HitVertPWall
 0EBC:0412       _HitVertWall
 3A39:542A       _horizwall
 3A39:A04A       _ingame
 0CFC:09B0       _InitActorList
 1320:01F0       _InitAreas
 048F:1020 idle  _InitDigiMap
 1320:0218       _InitDoorList
 048F:122A idle  _InitGame
 0CFC:0B4C       _InitRedShifts
 1320:000F       _InitStaticList
 177B:01DA       _INL_GetJoyDelta
 3A39:DDF7       _insetupscaling
 06A5:2B04       _IntroScreen
 177B:0AB2       _IN_Ack
 177B:0A59       _IN_CheckAck
 177B:068B       _IN_ClearKeysDown
 177B:060E idle  _IN_Default
 177B:0141       _IN_GetJoyAbs
 177B:0336 idle  _IN_GetJoyButtonsDB
 06A5:3B39 idle  _IN_GetScanName
 177B:0B1B       _IN_JoyButtons
 177B:0B04       _IN_MouseButtons
 177B:06AA       _IN_ReadControl
 177B:09C2 idle  _IN_SetControlType
 177B:0679 idle  _IN_SetKeyHook
 177B:048B       _IN_SetupJoy
 177B:064D       _IN_Shutdown
 177B:0A0A       _IN_StartAck
 177B:0572       _IN_Startup
 177B:0AC3       _IN_UserInput
 177B:09EF       _IN_WaitForASCII
 177B:09D3 idle  _IN_WaitForKey
 0000:29D9       _ioctl
 3A39:989E       _IsA386
 0000:1501       _isatty
 0000:3882       _itoa
 048C:0028       _jabhack2
 3A39:00FC idle  _JHParmStrings
 3A39:E84C       _JoyDefs
 3A39:54B0       _joypadenabled
 3A39:E83C       _JoyPadPresent
 3A39:9C45       _JoysPresent
 3A39:54B2       _joystickenabled
 3A39:54AC       _joystickport
 3A39:54AE       _joystickprogressive
 3A39:3354 idle  _KbdDefs
 3A39:9C4B       _Keyboard
 1087:0C2C idle  _KillActor
 3A39:A2BA       _killerobj
 1201:0D6B idle  _KnifeAttack
 3A39:A04C       _LastASCII
 3A39:E009       _LastAttacker
 3A39:A2AE       _lastdemoptr
 3A39:E011       _lastdoorobj
 3A39:D9D4       _lastintercept
 3A39:B518       _lastobj
 3A39:9EE2       _LastScan
 3A39:D9D8       _lastside
 3A39:893A       _laststatobj
 3A39:D9D2       _lasttilehit
 3A39:9EEC       _lasttimecount
 1D62:062F       _LatchDrawPic
 1201:02A1 idle  _LatchNumber
 3A39:A2D2       _latchpics
 3A39:9E8E       _layoutdone
 3A39:A2A2       _leftchannel
 3A39:9EBC       _leftmargin
 3A39:3FCE idle  _leftmasks
 3A39:ECE9       _LeftPosition
 3A39:1042 idle  _lefttable
 0A85:05D1       _LevelCompleted
 3A39:9906       _LevelRatios
 3A39:DDEB       _linecmds
 3A39:DDE7       _linescale
 3A39:EFA7       _linewidth
 3A39:9B85       _loadedgame
 1D62:0687       _LoadLatchMem
 048F:0803       _LoadTheGame
 3A39:ECDF       _LocalTime
 0000:15AC       _lseek
 3A39:03E6 idle  _LSItems
 23EC:0000 idle  _LSMenu
 0000:38C4       _ltoa
 3A39:D844       _madenoise
 048F:179C       _main
 3A39:03D2       _MainItems
 3A39:E9BE       _MainMemPages
 3A39:E8F6       _MainMemUsed
 237C:0000       _MainMenu
 3A39:E8F4       _MainPagesAvail
 3A39:E8C0       _MainPagesUsed
 3A39:EA86       _MainPresent
 0000:2B6C       _malloc
 3A39:E01F       _maphandle
 3A39:A39A       _mapheaderseg
 3A39:A2CC       _mapheight
 3A39:171A       _mapmasks1
 3A39:173A       _mapmasks2
 3A39:175A       _mapmasks3
 3A39:A29E       _mapon
 3A39:D852       _maporgx
 3A39:D850       _maporgy
 0485:0008       _MapRow
 3A39:A412       _mapsegs
 3A39:A2CE       _mapwidth
 3A39:A45E       _mapwidthtable
 3A39:DDE4       _mask1
 3A39:DDE3       _mask2
 3A39:DDE2       _mask3
 3A39:DDE5       _maskword
 0000:0F22       _matherr
 3A39:DDF9       _maxscale
 3A39:D9DA       _maxscaleshl2
 3A39:960A       _maxslope
 3A39:05F2 idle  _mbarray
 0000:38E9       _memcpy
 3A39:52D2       _menuitems
 06A5:3960       _Message
 3A39:327F idle  _mfilename
 3A39:3275 idle  _mheadname
 3A39:D9C8       _midangle
 3A39:1690 idle  _mindist
 3A39:9604       _minheightdiv
 3A39:49FA       _mirrorofs
 37CC:0000       _mmblocks
 3A39:A29C       _mmerror
 3A39:E8A0       _mmfree
 3A39:E8A4       _mmhead
 3A39:9E7A       _mminfo
 182E:0000 idle  _MML_CheckForXMS
 182E:0239 idle  _MML_ClearBlock
 182E:001B idle  _MML_SetupXMS
 182E:0087 idle  _MML_ShutdownXMS
 182E:00B6       _MML_UseSpace
 3A39:E898       _mmnew
 3A39:E89C       _mmrover
 3A39:E8AE       _mmstarted
 182E:0E3C       _MM_BombOnError
 182E:0C31 idle  _MM_DumpData
 182E:0767       _MM_FreePtr
 182E:04B3       _MM_GetPtr
 182E:08A9       _MM_SetLock
 182E:082B       _MM_SetPurge
 182E:0AE0 idle  _MM_ShowMemory
 182E:048B       _MM_Shutdown
 182E:092B       _MM_SortMem
 182E:029A       _MM_Startup
 182E:0DC0       _MM_TotalFree
 182E:0D5B       _MM_UnusedMemory
 3A39:988E       _mouseadjustment
 3A39:E838       _MouseDownCount
 3A39:54B4       _mouseenabled
 3A39:9C49       _MousePresent
 06A5:18B2 idle  _MouseSensitivity
 0000:3908       _movedata
 1320:08E8       _MoveDoors
 1087:0967       _MoveObj
 3A39:0622 idle  _moveorder
 1320:0AC9       _MovePWalls
 0000:2A00       _movetext
 3A39:49EE       _mr_count
 3A39:49E4       _mr_dest
 3A39:49F0       _mr_rowofs
 3A39:49E8       _mr_xfrac
 3A39:49EC       _mr_xstep
 3A39:49E6       _mr_yfrac
 3A39:49EA       _mr_ystep
 048F:0FBA       _MS_CheckParm
 3A39:01C4 idle  _MusicItems
 231F:0000 idle  _MusicMenu
 3A39:9C39       _MusicMode
 3A39:E8A8       _nearheap
 3A39:85BA       _nearmapylookup
 3A39:ED03       _NeedsDigitized
 3A39:ED09       _NeedsMusic
 3A39:95BE       _new
 3A39:0404 idle  _NewEitems
 23C4:0000 idle  _NewEmenu
 048F:0369       _NewGame
 3A39:040E idle  _NewItems
 060A:034C idle  _NewLine
 23E1:0000 idle  _NewMenu
 1087:00BA       _NewState
 048F:148B       _NewViewSize
 3A39:ECFB       _nextsoundpos
 3A39:A510       _noclip
 0A85:1353 idle  _NonShareware
 3A39:98A0       _nospr
 3A39:01FC idle  _nosprtxt
 3A39:9B83       _NoWait
 3A39:D84C       _NumDigi
 3A39:9EDA       _numpages
 3A39:E890       _numUMBs
 3A39:B51A       _obj
 3A39:A420       _objcount
 3A39:B516       _objfreelist
 3A39:B51C       _objlist
 3A39:E013       _oldsoundmode
 0000:3955       _open
 1320:0340       _OpenDoor
 1320:05BD       _OperateDoor
 3A39:180C idle  _opposite
 3A39:05FE idle  _order
 0000:169C idle  _outp
 0000:1678       _outport
 0000:1684 idle  _outportb
 0000:1690 idle  _outpw
 3A39:3520 idle  _PageFile
 3A39:3512       _PageFileName
 060A:0475 idle  _PageLayout
 3A39:9EDC       _pagenum
 3A09:0000       _palette1
 39D9:0000       _palette2
 3A39:A41A       _palshifted
 060A:001F idle  _ParseNumber
 060A:0071 idle  _ParsePicCommand
 060A:008F idle  _ParseTimedCommand
 048F:030D idle  _Patch386
 3A39:A04D       _Paused
 3A39:ECC0       _pcLastSample
 3A39:ECB8       _pcLengthLeft
 3A39:49F2       _pcos
 3A39:ECBC       _pcSound
 3A39:EABA       _pcSoundLookup
 3A39:EFA9       _pelpan
 0A85:03CC       _PG13
 3A39:9E90       _picdelay
 3A39:9EEA       _pickquick
 3A39:9E92       _picnum
 3A39:9EE7       _pictable
 0E0D:01B3       _PicturePause
 3A39:9E96       _picx
 3A39:9E94       _picy
 3A39:960E       _pixelangle
 3A39:3FCA idle  _pixmasks
 3A39:D9B2       _pixx
 1320:00E1       _PlaceItemType
 210E:0000       _planepics
 3A39:4AC2       _planeylookup
 0BC6:0DD1       _PlayDemo
 3A39:95BC       _player
 3A39:E005       _playerxmove
 3A39:E001       _playerymove
 0CFC:0F8C       _PlayLoop
 0BC6:00F7       _PlaySoundLocGlobal
 3A39:95C0       _playstate
 3A39:DFFF       _plux
 3A39:DFFD       _pluy
 3A39:E8BA       _PMFrameCount
 1912:06B1 idle  _PML_ClosePageFile
 1912:0A96 idle  _PML_GetAPageBuffer
 1912:06E8 idle  _PML_GetEMSAddress
 1912:0BA0 idle  _PML_GetPageFromXMS
 1912:0812 idle  _PML_GiveLRUPage
 1912:08B0 idle  _PML_GiveLRUXMSPage
 1912:0C21 idle  _PML_LoadPage
 1912:0007 idle  _PML_MapEMS
 1912:04E8 idle  _PML_OpenPageFile
 1912:0920 idle  _PML_PutPageInXMS
 1912:046E idle  _PML_ReadFromFile
 1912:0155 idle  _PML_ShutdownEMS
 1912:0447 idle  _PML_ShutdownMainMem
 1912:0293 idle  _PML_ShutdownXMS
 1912:0029 idle  _PML_StartupEMS
 1912:03D0 idle  _PML_StartupMainMem
 1912:0178 idle  _PML_StartupXMS
 1912:09C9 idle  _PML_TransferPageSpace
 1912:01EA idle  _PML_XMSCopy
 3A39:E8BE       _PMNumBlocks
 3A39:D85E       _PMPages
 3A39:E8C8       _PMPanicMode
 3A39:E8B8       _PMSegPages
 3A39:D862       _PMSoundStart
 3A39:D864       _PMSpriteStart
 3A39:E8CA       _PMStarted
 3A39:E8C6       _PMThrashing
 1912:02DF       _PM_CheckMainMem
 1912:0C71       _PM_GetPage
 1912:07BF       _PM_GetPageAddress
 1912:0FBA       _PM_NextFrame
 1912:0D60       _PM_Preload
 1912:1034 idle  _PM_Reset
 1912:02B8       _PM_SetMainMemPurge
 1912:0D31       _PM_SetPageLock
 1912:114B       _PM_Shutdown
 1912:10A0       _PM_Startup
 0CFC:03B9 idle  _PollControls
 0CFC:006F idle  _PollJoystickButtons
 0CFC:0248 idle  _PollJoystickMove
 0CFC:0007 idle  _PollKeyboardButtons
 0CFC:0100 idle  _PollKeyboardMove
 0CFC:002B idle  _PollMouseButtons
 0CFC:020C idle  _PollMouseMove
 3A39:D858       _postsource
 3A39:D854       _postwidth
 3A39:D856       _postx
 0000:0F17       _pow10
 0A85:0FA5       _PreloadGraphics
 0A85:0F10 idle  _PreloadUpdate
 06A5:2714 idle  _PrintCustJoy
 06A5:27BB idle  _PrintCustKeybd
 06A5:2824 idle  _PrintCustKeys
 06A5:266D idle  _PrintCustMouse
 0000:3AFA       _printf
 06A5:112F idle  _PrintLSEntry
 3A39:A048       _PrintX
 3A39:9B81       _PrintY
 3A39:E821       _profilehandle
 13EC:005A idle  _ProjectileTryMove
 3A39:49F6       _psin
 1320:093B       _PushWall
 0000:3E13       _puts
 0000:2844       _puttext
 3A39:52D6       _pwalldir
 3A39:53A8       _pwallpos
 3A39:5326       _pwallstate
 3A39:52DA       _pwallx
 3A39:52D8       _pwally
 3A39:9EE5       _px
 3A39:9EE3       _py
 048F:14CF       _Quit
 3A39:0102 idle  _radtoint
 0000:3F2C       _read
 06A5:36DC idle  _ReadAnyControl
 048F:000B idle  _ReadConfig
 0000:2CC5 idle  _realloc
 0BC6:0C9A       _RecordDemo
 1320:016B idle  _RecursiveConnect
 36AC:0000       _redshifts
 0CFC:0A55 idle  _RemoveObj
 3A39:A2A0       _rightchannel
 3A39:9E9E       _rightmargin
 3A39:3FD2 idle  _rightmasks
 3A39:ECE7       _RightPosition
 3A39:0E80 idle  _righttable
 060A:000C idle  _RipToEOL
 230E:0002 idle  _rndtable
 3A39:9E98       _rowon
 3A39:A4E4       _running
 3A39:9EF0       _SaveGameNames
 3A39:A032       _SaveGamesAvail
 3A39:0436 idle  _SaveName
 048F:042E       _SaveTheGame
 3A39:ED05       _SBProPresent
 0000:1FD8 idle  _sbrk
 3A39:52CA       _scale
 3A39:DDFB       _scaledirectory
 0FFD:032F idle  _ScaleLine
 0EBC:0397 idle  _ScalePost
 0FFD:0479       _ScaleShape
 0BC6:0194 idle  _ScanInfoPlane
 3A39:3D1A       _Scores
 3A39:D848       _screenfaded
 3A39:1684       _screenloc
 3A39:9898       _screenofs
 3A39:3FC4       _screenseg
 1A28:0B5F       _SDL_DigitizedDone
 1BB1:0014       _SDL_IndicatePC
 1A28:08B0 idle  _SDL_LoadDigiSegment
 1A28:08E1 idle  _SDL_PlayDigiSegment
 1A28:0501 idle  _SDL_SBSetDMA
 1BB1:000C       _SDL_SetDS
 1A28:0C2D idle  _SDL_SetupDigi
 1BB1:0021       _SDL_t0ExtremeAsmService
 1BB1:009B       _SDL_t0FastAsmService
 1BB1:02CD       _SDL_t0SlowAsmService
 1A28:14B4 idle  _SD_Default
 1A28:1870 idle  _SD_FadeOutMusic
 1A28:17DA       _SD_MusicOff
 1A28:17CF       _SD_MusicOn
 1A28:1881 idle  _SD_MusicPlaying
 1A28:0A9F idle  _SD_PlayDigitized
 1A28:15A4       _SD_PlaySound
 1A28:09CC       _SD_Poll
 1A28:158D       _SD_PositionSound
 1A28:0BC9       _SD_SetDigiDevice
 1A28:1129       _SD_SetMusicMode
 1A28:0A58       _SD_SetPosition
 1A28:109B       _SD_SetSoundMode
 1A28:157B idle  _SD_SetUserHook
 1A28:1523       _SD_Shutdown
 1A28:1744       _SD_SoundPlaying
 1A28:181E       _SD_StartMusic
 1A28:117B       _SD_Startup
 1A28:092B       _SD_StopDigitized
 1A28:178B       _SD_StopSound
 1A28:17C2       _SD_WaitSoundDone
 1087:0747       _SelectChaseDir
 1087:0619       _SelectDodgeDir
 13EC:1951 idle  _SelectPathDir
 1087:089F       _SelectRunDir
 0000:3164       _setblock
 044B:0179 idle  _SetPlaneViewSize
 0BC6:0006 idle  _SetSoundLoc
 06A5:3677 idle  _SetTextColor
 06A5:2E09 idle  _SetupControlPanel
 0BC6:0683       _SetupGameLevel
 0FFD:001A       _SetupScaling
 048F:0E7C idle  _SetupWalls
 0000:3F2F       _setvbuf
 0000:130C       _setvect
 048F:13BC       _SetViewSize
 0E0D:02C5 idle  _ShapeTest
 3A39:9894       _shootdelta
 06A5:3C21 idle  _ShootSnd
 060A:0771 idle  _ShowArticle
 048F:1442       _ShowViewSize
 048F:0BD2       _ShutdownId
 1087:167A       _SightPlayer
 2422:0000       _signon
 048F:0E9F idle  _SignonScreen
 0FFD:078D       _SimpleScaleShape
 0000:0F48       _sin
 3A39:A514       _singlestep
 3430:0000       _sintable
 3A39:DDEF       _slinewidth
 3A39:DDF1       _slinex
 3A39:03DC idle  _SndItems
 2394:0000 idle  _SndMenu
 3A39:1298 idle  _songs
 3A39:9C3F       _SoundBlasterPresent
 3A39:9C3D       _SoundMode
 3A39:ECF1       _SoundNumber
 3A39:A2D0       _SoundPositioned
 3A39:ECED       _SoundPriority
 3A39:9C41       _SoundSourcePresent
 3A39:0434 idle  _SoundStatus
 3A39:ECFF       _SoundTable
 3A39:4F72       _spanstart
 13EC:1D7E       _SpawnBJVictory
 13EC:04D9       _SpawnBoss
 13EC:04BA       _SpawnDeadGuard
 1320:024B       _SpawnDoor
 13EC:1152       _SpawnFakeHitler
 13EC:0A19       _SpawnFat
 13EC:08C5       _SpawnGhosts
 13EC:09B2       _SpawnGift
 13EC:052B       _SpawnGretel
 13EC:11B9       _SpawnHitler
 1087:000C       _SpawnNewObj
 13EC:057D       _SpawnPatrol
 1201:0CCC       _SpawnPlayer
 13EC:094B       _SpawnSchabbs
 13EC:0312       _SpawnStand
 1320:001A       _SpawnStatic
 3A39:A2BE       _spearangle
 3A39:A2BC       _spearflag
 3A39:A2C4       _spearx
 3A39:A2C0       _speary
 3A39:A516       _spotvis
 0000:402D       _sprintf
 3A39:EA98       _sqActive
 3A39:EA94       _sqHack
 3A39:EA8E       _sqHackLen
 3A39:EA90       _sqHackPtr
 3A39:EA8C       _sqHackSeqLen
 3A39:EA88       _sqHackTime
 3A39:ECD1       _ssActive
 3A39:ECCF       _ssControl
 3A39:ECCB       _ssData
 3A39:ECFD       _ssIsTandy
 3A39:ECC1       _ssLengthLeft
 3A39:ECD3       _ssNoCheck
 3A39:ECC9       _ssOff
 3A39:ECCA       _ssOn
 3A39:39A0 idle  _ssPort
 3A39:ECC5       _ssSample
 3A39:ECCD       _ssStatus
 0CFC:0CC9       _StartBonusFlash
 06A5:3A8F       _StartCPMusic
 0CFC:0CD4       _StartDamageFlash
 0BC6:0B76 idle  _StartDemoRecord
 3A39:A030       _StartGame
 3A39:9892       _startgame
 3A39:1B4A idle  _starthitpoints
 0CFC:0AD6       _StartMusic
 3A39:1A1E idle  _statinfo
 3A39:893C       _statobjlist
 1201:01A8 idle  _StatusDrawPic
 3A39:DDF3       _stepbytwo
 3A39:4DE2       _stepscale
 0CFC:0AA3       _StopMusic
 3A39:98B6       _str
 3A39:98A2       _str2
 3A39:1A0C idle  _strafeangle
 0000:4066       _strcat
 0000:409F       _strcpy
 0000:40C1       _strlen
 0000:4105       _strtol
 3A39:191C idle  _s_attack
 3A39:2EB4 idle  _s_bjjump1
 3A39:2EC4 idle  _s_bjjump2
 3A39:2ED4 idle  _s_bjjump3
 3A39:2EE4 idle  _s_bjjump4
 3A39:2E54 idle  _s_bjrun1
 3A39:2E64 idle  _s_bjrun1s
 3A39:2E74 idle  _s_bjrun2
 3A39:2E84 idle  _s_bjrun3
 3A39:2E94 idle  _s_bjrun3s
 3A39:2EA4 idle  _s_bjrun4
 3A39:1DDA       _s_blinkychase1
 3A39:1DEA idle  _s_blinkychase2
 3A39:1C4A idle  _s_boom1
 3A39:1C5A idle  _s_boom2
 3A39:1C6A idle  _s_boom3
 3A39:246A       _s_bosschase1
 3A39:247A idle  _s_bosschase1s
 3A39:248A idle  _s_bosschase2
 3A39:249A idle  _s_bosschase3
 3A39:24AA idle  _s_bosschase3s
 3A39:24BA idle  _s_bosschase4
 3A39:24CA       _s_bossdie1
 3A39:24DA idle  _s_bossdie2
 3A39:24EA idle  _s_bossdie3
 3A39:24FA idle  _s_bossdie4
 3A39:250A idle  _s_bossshoot1
 3A39:251A idle  _s_bossshoot2
 3A39:252A idle  _s_bossshoot3
 3A39:253A idle  _s_bossshoot4
 3A39:254A idle  _s_bossshoot5
 3A39:255A idle  _s_bossshoot6
 3A39:256A idle  _s_bossshoot7
 3A39:257A idle  _s_bossshoot8
 3A39:245A idle  _s_bossstand
 3A39:1E3A idle  _s_clydechase1
 3A39:1E4A idle  _s_clydechase2
 3A39:2EF4       _s_deathcam
 3A39:1F0A       _s_dogchase1
 3A39:1F1A idle  _s_dogchase1s
 3A39:1F2A idle  _s_dogchase2
 3A39:1F3A idle  _s_dogchase3
 3A39:1F4A idle  _s_dogchase3s
 3A39:1F5A idle  _s_dogchase4
 3A39:1F9A idle  _s_dogdead
 3A39:1F6A       _s_dogdie1
 3A39:1F7A idle  _s_dogdie2
 3A39:1F8A idle  _s_dogdie3
 3A39:1EBA idle  _s_dogjump1
 3A39:1ECA idle  _s_dogjump2
 3A39:1EDA idle  _s_dogjump3
 3A39:1EEA idle  _s_dogjump4
 3A39:1EFA idle  _s_dogjump5
 3A39:1E5A idle  _s_dogpath1
 3A39:1E6A idle  _s_dogpath1s
 3A39:1E7A idle  _s_dogpath2
 3A39:1E8A idle  _s_dogpath3
 3A39:1E9A idle  _s_dogpath3s
 3A39:1EAA idle  _s_dogpath4
 3A39:2A5C       _s_fakechase1
 3A39:2A6C idle  _s_fakechase1s
 3A39:2A7C idle  _s_fakechase2
 3A39:2A8C idle  _s_fakechase3
 3A39:2A9C idle  _s_fakechase3s
 3A39:2AAC idle  _s_fakechase4
 3A39:2ABC       _s_fakedie1
 3A39:2ACC idle  _s_fakedie2
 3A39:2ADC idle  _s_fakedie3
 3A39:2AEC idle  _s_fakedie4
 3A39:2AFC idle  _s_fakedie5
 3A39:2B0C idle  _s_fakedie6
 3A39:2B1C idle  _s_fakeshoot1
 3A39:2B2C idle  _s_fakeshoot2
 3A39:2B3C idle  _s_fakeshoot3
 3A39:2B4C idle  _s_fakeshoot4
 3A39:2B5C idle  _s_fakeshoot5
 3A39:2B6C idle  _s_fakeshoot6
 3A39:2B7C idle  _s_fakeshoot7
 3A39:2B8C idle  _s_fakeshoot8
 3A39:2B9C idle  _s_fakeshoot9
 3A39:2A4C idle  _s_fakestand
 3A39:291C       _s_fatchase1
 3A39:292C idle  _s_fatchase1s
 3A39:293C idle  _s_fatchase2
 3A39:294C idle  _s_fatchase3
 3A39:295C idle  _s_fatchase3s
 3A39:296C idle  _s_fatchase4
 3A39:297C idle  _s_fatdeathcam
 3A39:298C       _s_fatdie1
 3A39:299C idle  _s_fatdie2
 3A39:29AC idle  _s_fatdie3
 3A39:29BC idle  _s_fatdie4
 3A39:29CC idle  _s_fatdie5
 3A39:29DC idle  _s_fatdie6
 3A39:29EC idle  _s_fatshoot1
 3A39:29FC idle  _s_fatshoot2
 3A39:2A0C idle  _s_fatshoot3
 3A39:2A1C idle  _s_fatshoot4
 3A39:2A2C idle  _s_fatshoot5
 3A39:2A3C idle  _s_fatshoot6
 3A39:290C idle  _s_fatstand
 3A39:2BAC idle  _s_fire1
 3A39:2BBC idle  _s_fire2
 3A39:281C       _s_giftchase1
 3A39:282C idle  _s_giftchase1s
 3A39:283C idle  _s_giftchase2
 3A39:284C idle  _s_giftchase3
 3A39:285C idle  _s_giftchase3s
 3A39:286C idle  _s_giftchase4
 3A39:287C idle  _s_giftdeathcam
 3A39:288C       _s_giftdie1
 3A39:289C idle  _s_giftdie2
 3A39:28AC idle  _s_giftdie3
 3A39:28BC idle  _s_giftdie4
 3A39:28CC idle  _s_giftdie5
 3A39:28DC idle  _s_giftdie6
 3A39:28EC idle  _s_giftshoot1
 3A39:28FC idle  _s_giftshoot2
 3A39:280C idle  _s_giftstand
 3A39:1D3A       _s_grdchase1
 3A39:1D4A idle  _s_grdchase1s
 3A39:1D5A idle  _s_grdchase2
 3A39:1D6A idle  _s_grdchase3
 3A39:1D7A idle  _s_grdchase3s
 3A39:1D8A idle  _s_grdchase4
 3A39:1D9A       _s_grddie1
 3A39:1DAA idle  _s_grddie2
 3A39:1DBA idle  _s_grddie3
 3A39:1DCA idle  _s_grddie4
 3A39:1CEA       _s_grdpain
 3A39:1CFA       _s_grdpain1
 3A39:1C8A idle  _s_grdpath1
 3A39:1C9A idle  _s_grdpath1s
 3A39:1CAA idle  _s_grdpath2
 3A39:1CBA idle  _s_grdpath3
 3A39:1CCA idle  _s_grdpath3s
 3A39:1CDA idle  _s_grdpath4
 3A39:1D0A idle  _s_grdshoot1
 3A39:1D1A idle  _s_grdshoot2
 3A39:1D2A idle  _s_grdshoot3
 3A39:1C7A idle  _s_grdstand
 3A39:259A       _s_gretelchase1
 3A39:25AA idle  _s_gretelchase1s
 3A39:25BA idle  _s_gretelchase2
 3A39:25CA idle  _s_gretelchase3
 3A39:25DA idle  _s_gretelchase3s
 3A39:25EA idle  _s_gretelchase4
 3A39:25FA       _s_greteldie1
 3A39:260A idle  _s_greteldie2
 3A39:261A idle  _s_greteldie3
 3A39:262A idle  _s_greteldie4
 3A39:263A idle  _s_gretelshoot1
 3A39:264A idle  _s_gretelshoot2
 3A39:265A idle  _s_gretelshoot3
 3A39:266A idle  _s_gretelshoot4
 3A39:267A idle  _s_gretelshoot5
 3A39:268A idle  _s_gretelshoot6
 3A39:269A idle  _s_gretelshoot7
 3A39:26AA idle  _s_gretelshoot8
 3A39:258A idle  _s_gretelstand
 3A39:2CDC       _s_hitlerchase1
 3A39:2CEC idle  _s_hitlerchase1s
 3A39:2CFC idle  _s_hitlerchase2
 3A39:2D0C idle  _s_hitlerchase3
 3A39:2D1C idle  _s_hitlerchase3s
 3A39:2D2C idle  _s_hitlerchase4
 3A39:2D3C idle  _s_hitlerdeathcam
 3A39:2D4C       _s_hitlerdie1
 3A39:2DDC idle  _s_hitlerdie10
 3A39:2D5C idle  _s_hitlerdie2
 3A39:2D6C idle  _s_hitlerdie3
 3A39:2D7C idle  _s_hitlerdie4
 3A39:2D8C idle  _s_hitlerdie5
 3A39:2D9C idle  _s_hitlerdie6
 3A39:2DAC idle  _s_hitlerdie7
 3A39:2DBC idle  _s_hitlerdie8
 3A39:2DCC idle  _s_hitlerdie9
 3A39:2DEC idle  _s_hitlershoot1
 3A39:2DFC idle  _s_hitlershoot2
 3A39:2E0C idle  _s_hitlershoot3
 3A39:2E1C idle  _s_hitlershoot4
 3A39:2E2C idle  _s_hitlershoot5
 3A39:2E3C idle  _s_hitlershoot6
 3A39:1DFA idle  _s_inkychase1
 3A39:1E0A idle  _s_inkychase2
 3A39:2BDC       _s_mechachase1
 3A39:2BEC idle  _s_mechachase1s
 3A39:2BFC idle  _s_mechachase2
 3A39:2C0C idle  _s_mechachase3
 3A39:2C1C idle  _s_mechachase3s
 3A39:2C2C idle  _s_mechachase4
 3A39:2C3C       _s_mechadie1
 3A39:2C4C idle  _s_mechadie2
 3A39:2C5C idle  _s_mechadie3
 3A39:2C6C idle  _s_mechadie4
 3A39:2C7C idle  _s_mechashoot1
 3A39:2C8C idle  _s_mechashoot2
 3A39:2C9C idle  _s_mechashoot3
 3A39:2CAC idle  _s_mechashoot4
 3A39:2CBC idle  _s_mechashoot5
 3A39:2CCC idle  _s_mechashoot6
 3A39:2BCC idle  _s_mechastand
 3A39:21EA       _s_mutchase1
 3A39:21FA idle  _s_mutchase1s
 3A39:220A idle  _s_mutchase2
 3A39:221A idle  _s_mutchase3
 3A39:222A idle  _s_mutchase3s
 3A39:223A idle  _s_mutchase4
 3A39:224A       _s_mutdie1
 3A39:225A idle  _s_mutdie2
 3A39:226A idle  _s_mutdie3
 3A39:227A idle  _s_mutdie4
 3A39:228A idle  _s_mutdie5
 3A39:218A       _s_mutpain
 3A39:219A       _s_mutpain1
 3A39:212A idle  _s_mutpath1
 3A39:213A idle  _s_mutpath1s
 3A39:214A idle  _s_mutpath2
 3A39:215A idle  _s_mutpath3
 3A39:216A idle  _s_mutpath3s
 3A39:217A idle  _s_mutpath4
 3A39:21AA idle  _s_mutshoot1
 3A39:21BA idle  _s_mutshoot2
 3A39:21CA idle  _s_mutshoot3
 3A39:21DA idle  _s_mutshoot4
 3A39:211A idle  _s_mutstand
 3A39:27CC idle  _s_needle1
 3A39:27DC idle  _s_needle2
 3A39:27EC idle  _s_needle3
 3A39:27FC idle  _s_needle4
 3A39:206A       _s_ofcchase1
 3A39:207A idle  _s_ofcchase1s
 3A39:208A idle  _s_ofcchase2
 3A39:209A idle  _s_ofcchase3
 3A39:20AA idle  _s_ofcchase3s
 3A39:20BA idle  _s_ofcchase4
 3A39:20CA       _s_ofcdie1
 3A39:20DA idle  _s_ofcdie2
 3A39:20EA idle  _s_ofcdie3
 3A39:20FA idle  _s_ofcdie4
 3A39:210A idle  _s_ofcdie5
 3A39:201A       _s_ofcpain
 3A39:202A       _s_ofcpain1
 3A39:1FBA idle  _s_ofcpath1
 3A39:1FCA idle  _s_ofcpath1s
 3A39:1FDA idle  _s_ofcpath2
 3A39:1FEA idle  _s_ofcpath3
 3A39:1FFA idle  _s_ofcpath3s
 3A39:200A idle  _s_ofcpath4
 3A39:203A idle  _s_ofcshoot1
 3A39:204A idle  _s_ofcshoot2
 3A39:205A idle  _s_ofcshoot3
 3A39:1FAA idle  _s_ofcstand
 3A39:1E1A idle  _s_pinkychase1
 3A39:1E2A idle  _s_pinkychase2
 3A39:190C idle  _s_player
 3A39:1BFA idle  _s_rocket
 3A39:26DC       _s_schabbchase1
 3A39:26EC idle  _s_schabbchase1s
 3A39:26FC idle  _s_schabbchase2
 3A39:270C idle  _s_schabbchase3
 3A39:271C idle  _s_schabbchase3s
 3A39:272C idle  _s_schabbchase4
 3A39:273C idle  _s_schabbdeathcam
 3A39:274C       _s_schabbdie1
 3A39:275C idle  _s_schabbdie2
 3A39:276C idle  _s_schabbdie3
 3A39:277C idle  _s_schabbdie4
 3A39:278C idle  _s_schabbdie5
 3A39:279C idle  _s_schabbdie6
 3A39:27AC idle  _s_schabbshoot1
 3A39:27BC idle  _s_schabbshoot2
 3A39:26CC idle  _s_schabbstand
 3A39:1C0A idle  _s_smoke1
 3A39:1C1A idle  _s_smoke2
 3A39:1C2A idle  _s_smoke3
 3A39:1C3A idle  _s_smoke4
 3A39:23BA       _s_sschase1
 3A39:23CA idle  _s_sschase1s
 3A39:23DA idle  _s_sschase2
 3A39:23EA idle  _s_sschase3
 3A39:23FA idle  _s_sschase3s
 3A39:240A idle  _s_sschase4
 3A39:241A       _s_ssdie1
 3A39:242A idle  _s_ssdie2
 3A39:243A idle  _s_ssdie3
 3A39:244A idle  _s_ssdie4
 3A39:230A       _s_sspain
 3A39:231A       _s_sspain1
 3A39:22AA idle  _s_sspath1
 3A39:22BA idle  _s_sspath1s
 3A39:22CA idle  _s_sspath2
 3A39:22DA idle  _s_sspath3
 3A39:22EA idle  _s_sspath3s
 3A39:22FA idle  _s_sspath4
 3A39:232A idle  _s_ssshoot1
 3A39:233A idle  _s_ssshoot2
 3A39:234A idle  _s_ssshoot3
 3A39:235A idle  _s_ssshoot4
 3A39:236A idle  _s_ssshoot5
 3A39:237A idle  _s_ssshoot6
 3A39:238A idle  _s_ssshoot7
 3A39:239A idle  _s_ssshoot8
 3A39:23AA idle  _s_ssshoot9
 3A39:229A idle  _s_ssstand
 3A39:ECE3       _t0OldService
 1201:0342       _TakeDamage
 0000:0F95       _tan
 3A39:9B89       _tedlevel
 3A39:9B87       _tedlevelnum
 0000:1926       _tell
 3A39:9E9A       _text
 0EBC:0F15       _ThreeDRefresh
 1201:0A51 idle  _Thrust
 3A39:E00D       _thrustspeed
 06A5:3570 idle  _TicDelay
 3A39:A2CA       _tics
 3A39:168C       _tileglobal
 3A39:D9B4       _tilehit
 3A39:75BA       _tilemap
 3A39:9EDE       _TimeCount
 060A:00B4 idle  _TimedPicCommand
 3A39:ECF3       _TimerCount
 3A39:ECF7       _TimerDivisor
 3A39:ECDD       _TimerRate
 3A39:E824       _tinf
 0000:193E       _tolower
 0000:196A       _toupper
 06A5:1062 idle  _TrackWhichGame
 0EBC:004D idle  _TransformActor
 0EBC:018B idle  _TransformTile
 1201:0794 idle  _TryMove
 1087:00D2       _TryWalk
 1201:0FEB idle  _T_Attack
 13EC:1CA5 idle  _T_Bite
 13EC:1EAC idle  _T_BJDone
 13EC:1E66 idle  _T_BJJump
 13EC:1DD1 idle  _T_BJRun
 13EC:1E8C idle  _T_BJYell
 13EC:14EC idle  _T_Chase
 13EC:17EF idle  _T_DogChase
 13EC:1404 idle  _T_Fake
 13EC:12E7 idle  _T_FakeFire
 13EC:0FCA idle  _T_Fat
 13EC:1743 idle  _T_Ghosts
 13EC:0E42 idle  _T_Gift
 13EC:0B9D idle  _T_GiftThrow
 13EC:199D idle  _T_Path
 1201:117D idle  _T_Player
 13EC:00F3 idle  _T_Projectile
 13EC:0CBA idle  _T_Schabb
 13EC:0A80 idle  _T_SchabbThrow
 13EC:1ACC idle  _T_Shoot
 13EC:14DC idle  _T_Stand
 0000:38AA       _ultoa
 3A39:E87C       _UMBbase
 06A5:2D2F       _UnCacheLump
 0000:1996       _unlink
 3A39:54B6       _update
 1201:025B idle  _UpdateFace
 0CFC:0CE0 idle  _UpdatePaletteShifts
 3A39:9B79       _updateptr
 0BC6:0148       _UpdateSoundLoc
 3A39:3D16 idle  _USL_DrawString
 1BF0:0008 idle  _USL_HardError
 3A39:3D12       _USL_MeasureString
 1BF0:03C2 idle  _USL_PrintInCenter
 1BF0:0669 idle  _US_CenterWindow
 1BF0:020F       _US_CheckParm
 1BF0:0528       _US_ClearWindow
 06A5:0004       _US_ControlPanel
 1BF0:04BF       _US_CPrint
 1BF0:0462 idle  _US_CPrintLine
 1BF0:0553       _US_DrawWindow
 1CAA:0010       _US_InitRndT
 1BF0:0782       _US_LineInput
 1BF0:02D4       _US_Print
 1BF0:0420       _US_PrintCentered
 1BF0:039D idle  _US_PrintSigned
 1BF0:0378       _US_PrintUnsigned
 1BF0:06BA idle  _US_RestoreWindow
 1CAA:0038       _US_RndT
 1BF0:068D idle  _US_SaveWindow
 1BF0:02B5 idle  _US_SetPrintRoutines
 1BF0:01FD       _US_Shutdown
 1BF0:0131       _US_Startup
 3A39:9B5F       _uwidthtable
 3A39:53AA       _vertwall
 3A39:1698 idle  _vgaCeiling
 0EBC:0A0B idle  _VGAClearScreen
 1E19:0006       _VH_UpdateScreen
 0A85:0031       _Victory
 1201:0F2E idle  _VictorySpin
 1201:0A41 idle  _VictoryTile
 3A39:DDE0       _viewangle
 3A39:503A       _viewcos
 3A39:52CE       _viewheight
 3A39:503E       _viewsin
 3A39:54AA       _viewsize
 3A39:D9CC       _viewtx
 3A39:D9CA       _viewty
 3A39:D84E       _viewtype
 3A39:52D0       _viewwidth
 3A39:5046       _viewx
 3A39:5042       _viewy
 3A39:9890       _virtualreality
 3A39:D86E       _vislist
 3A39:D86C       _visptr
 3A39:D86A       _visstep
 1CAF:0646       _VL_Bar
 1CAF:0092 idle  _VL_ClearVideo
 1CAF:04A5       _VL_ColorBorder
 1CAF:00BC idle  _VL_DePlaneVGA
 1CAF:0A5B idle  _VL_DrawLatch8String
 1CAF:092E idle  _VL_DrawTile8String
 1CAF:0374       _VL_FadeIn
 1CAF:0256       _VL_FadeOut
 1CAF:0198 idle  _VL_FillPalette
 1CAF:01D8 idle  _VL_GetColor
 1CAF:0235 idle  _VL_GetPalette
 1CAF:0504       _VL_Hlin
 1CAF:08C5       _VL_LatchToScreen
 1CAF:0837 idle  _VL_MaskedToScreen
 1CAF:0749       _VL_MemToLatch
 1CAF:079C       _VL_MemToScreen
 1D62:022E       _VL_MungePic
 1CAF:04B9       _VL_Plot
 1DF0:00AA       _VL_ScreenToScreen
 1CAF:01BD idle  _VL_SetColor
 1DF0:0019 idle  _VL_SetCRTC
 1CAF:0113 idle  _VL_SetLineWidth
 1CAF:0203       _VL_SetPalette
 1DF0:003D       _VL_SetScreen
 1CAF:014C idle  _VL_SetSplitScreen
 1CAF:0088 idle  _VL_SetTextMode
 1CAF:0065       _VL_SetVGAPlaneMode
 1CAF:005B       _VL_Shutdown
 1CAF:0B07 idle  _VL_SizeTile8String
 1CAF:0003       _VL_Startup
 1CAF:044A       _VL_TestPaletteSet
 1DF0:012A       _VL_VideoID
 1CAF:05DF       _VL_Vlin
 1DF0:0002       _VL_WaitVBL
 0000:404A idle  _vsprintf
 1D62:0556       _VWB_Bar
 1D62:04B3       _VWB_DrawPic
 1D62:051F       _VWB_DrawPropString
 1D62:042B       _VWB_DrawTile8
 1D62:046E idle  _VWB_DrawTile8M
 1D62:05BD       _VWB_Hlin
 1D62:0592       _VWB_Plot
 1D62:05F1       _VWB_Vlin
 1D62:02EC idle  _VWL_MeasureString
 1D62:0113 idle  _VW_DrawColorPropString
 1D62:0000 idle  _VW_DrawPropString
 1D62:0370       _VW_MarkUpdateBlock
 1D62:034E idle  _VW_MeasureMPropString
 1D62:032C       _VW_MeasurePropString
 1D62:0625       _VW_UpdateScreen
 06A5:36AC idle  _WaitKeyUp
 3A39:504A       _wallheight
 0EBC:0E24 idle  _WallRefresh
 3A39:1710 idle  _weaponscale
 0000:31E7 idle  _wherex
 0000:31F6 idle  _wherey
 358C:0000       _whiteshifts
 3A39:A046       _WindowH
 3A39:9B7B       _WindowW
 3A39:9B7F       _WindowX
 3A39:9B7D       _WindowY
 3A39:177A idle  _wordmasks
 3A39:DDF5       _work
 0000:4320       _write
 0A85:046A       _Write
 048F:020F idle  _WriteConfig
 3A39:D9A6       _xintercept
 3A39:D9B8       _xinttile
 3A39:E892       _XMSaddr
 3A39:E8D2       _XMSAvail
 3A39:E8CC       _XMSDriver
 3A39:E8D0       _XMSHandle
 3A39:A296       _XMSPagesAvail
 3A39:E8C4       _XMSPagesUsed
 3A39:A29A       _XMSPresent
 3A39:3510 idle  _XMSProtectPage
 3A39:D9C4       _xpartial
 3A39:D9BE       _xpartialdown
 3A39:D9C0       _xpartialup
 3A39:D99E       _xstep
 3A39:D9B0       _xtile
 3A39:D9AC       _xtilestep
 3A39:D9A2       _yintercept
 3A39:D9B6       _yinttile
 3A39:EE17       _ylookup
 3A39:D9C2       _ypartial
 3A39:D9BA       _ypartialdown
 3A39:D9BC       _ypartialup
 3A39:D99A       _ystep
 3A39:D9AE       _ytile
 3A39:D9AA       _ytilestep
 3A39:4090       __8087
 0000:1000 idle  __AHINCR
 0000:000C idle  __AHSHIFT
 3A39:4724       __argc
 3A39:4726       __argv
 3A39:4380       __atexitcnt
 3A39:4944       __atexittbl
 0000:268A       __brk
 3A39:00D1       __brklvl
 3A39:00B3       __C0argc
 3A39:00B5       __C0argv
 0000:20DD idle  __c0crtinit
 3A39:00B7       __C0environ
 0000:128F idle  __cexit
 0000:0189       __checknull
 0000:3296       __chmod
 0000:0176       __cleanup
 0000:32D9       __close
 0000:20FA idle  __crtinit
 3A39:4382       __ctype
 0000:0000  Abs  __cvtfak
 0000:129D idle  __c_exit
 3A39:40A4       __default87
 3A39:4602       __doserrno
 0000:14EF       __DOSERROR
 3A39:4604 idle  __dosErrorToSV
 0000:11C1 idle  __dos_getdate
 0000:4486       __dos_getdiskfree
 0000:1189       __dos_getfileattr
 0000:11DA       __dos_gettime
 0000:11A6 idle  __dos_setfileattr
 0000:11F3       __dos_write
 3A39:4270       __emu
 3A39:00B9       __envLng
 3A39:00BB       __envseg
 3A39:00BD       __envSize
 0000:127D       __exit
 3A39:4484       __exitbuf
 3A39:4488       __exitfopen
 3A39:448C       __exitopen
 3A39:471E idle  __first
 0000:8087 idle  __floatconvert
 0000:436E       __fmemcmp
 0000:4396       __fmemcpy
 0000:43DE       __fmemset
 3A39:45FA       __fmode
 0000:0DAA       __fperror
 3A39:45FE       __fpstklen
 0000:05E4       __fpuint
 0000:3B11 idle  __fputc
 0000:3C70       __FPUTN
 0000:43BA idle  __fsetmem
 0000:43FD       __fstrcpy
 0000:4426       __fstricmp
[...]
 3A39:1E6A idle  _s_dogpath1s
 3A39:1E7A idle  _s_dogpath2
 3A39:1E8A idle  _s_dogpath3
 3A39:1E9A idle  _s_dogpath3s
 3A39:1EAA idle  _s_dogpath4
 3A39:1EBA idle  _s_dogjump1
 3A39:1ECA idle  _s_dogjump2
 3A39:1EDA idle  _s_dogjump3
 3A39:1EEA idle  _s_dogjump4
 3A39:1EFA idle  _s_dogjump5
 3A39:1F0A       _s_dogchase1
 3A39:1F1A idle  _s_dogchase1s
 3A39:1F2A idle  _s_dogchase2
 3A39:1F3A idle  _s_dogchase3
 3A39:1F4A idle  _s_dogchase3s
 3A39:1F5A idle  _s_dogchase4
 3A39:1F6A       _s_dogdie1
 3A39:1F7A idle  _s_dogdie2
 3A39:1F8A idle  _s_dogdie3
 3A39:1F9A idle  _s_dogdead
 3A39:1FAA idle  _s_ofcstand
 3A39:1FBA idle  _s_ofcpath1
 3A39:1FCA idle  _s_ofcpath1s
 3A39:1FDA idle  _s_ofcpath2
 3A39:1FEA idle  _s_ofcpath3
 3A39:1FFA idle  _s_ofcpath3s
 3A39:200A idle  _s_ofcpath4
 3A39:201A       _s_ofcpain
 3A39:202A       _s_ofcpain1
 3A39:203A idle  _s_ofcshoot1
 3A39:204A idle  _s_ofcshoot2
 3A39:205A idle  _s_ofcshoot3
 3A39:206A       _s_ofcchase1
 3A39:207A idle  _s_ofcchase1s
 3A39:208A idle  _s_ofcchase2
 3A39:209A idle  _s_ofcchase3
 3A39:20AA idle  _s_ofcchase3s
 3A39:20BA idle  _s_ofcchase4
 3A39:20CA       _s_ofcdie1
 3A39:20DA idle  _s_ofcdie2
 3A39:20EA idle  _s_ofcdie3
 3A39:20FA idle  _s_ofcdie4
 3A39:210A idle  _s_ofcdie5
 3A39:211A idle  _s_mutstand
 3A39:212A idle  _s_mutpath1
 3A39:213A idle  _s_mutpath1s
 3A39:214A idle  _s_mutpath2
 3A39:215A idle  _s_mutpath3
 3A39:216A idle  _s_mutpath3s
 3A39:217A idle  _s_mutpath4
 3A39:218A       _s_mutpain
 3A39:219A       _s_mutpain1
 3A39:21AA idle  _s_mutshoot1
 3A39:21BA idle  _s_mutshoot2
 3A39:21CA idle  _s_mutshoot3
 3A39:21DA idle  _s_mutshoot4
 3A39:21EA       _s_mutchase1
 3A39:21FA idle  _s_mutchase1s
 3A39:220A idle  _s_mutchase2
 3A39:221A idle  _s_mutchase3
 3A39:222A idle  _s_mutchase3s
 3A39:223A idle  _s_mutchase4
 3A39:224A       _s_mutdie1
 3A39:225A idle  _s_mutdie2
 3A39:226A idle  _s_mutdie3
 3A39:227A idle  _s_mutdie4
 3A39:228A idle  _s_mutdie5
 3A39:229A idle  _s_ssstand
 3A39:22AA idle  _s_sspath1
 3A39:22BA idle  _s_sspath1s
 3A39:22CA idle  _s_sspath2
 3A39:22DA idle  _s_sspath3
 3A39:22EA idle  _s_sspath3s
 3A39:22FA idle  _s_sspath4
 3A39:230A       _s_sspain
 3A39:231A       _s_sspain1
 3A39:232A idle  _s_ssshoot1
 3A39:233A idle  _s_ssshoot2
 3A39:234A idle  _s_ssshoot3
 3A39:235A idle  _s_ssshoot4
 3A39:236A idle  _s_ssshoot5
 3A39:237A idle  _s_ssshoot6
 3A39:238A idle  _s_ssshoot7
 3A39:239A idle  _s_ssshoot8
 3A39:23AA idle  _s_ssshoot9
 3A39:23BA       _s_sschase1
 3A39:23CA idle  _s_sschase1s
 3A39:23DA idle  _s_sschase2
 3A39:23EA idle  _s_sschase3
 3A39:23FA idle  _s_sschase3s
 3A39:240A idle  _s_sschase4
 3A39:241A       _s_ssdie1
 3A39:242A idle  _s_ssdie2
 3A39:243A idle  _s_ssdie3
 3A39:244A idle  _s_ssdie4
 3A39:245A idle  _s_bossstand
 3A39:246A       _s_bosschase1
 3A39:247A idle  _s_bosschase1s
 3A39:248A idle  _s_bosschase2
 3A39:249A idle  _s_bosschase3
 3A39:24AA idle  _s_bosschase3s
 3A39:24BA idle  _s_bosschase4
 3A39:24CA       _s_bossdie1
 3A39:24DA idle  _s_bossdie2
 3A39:24EA idle  _s_bossdie3
 3A39:24FA idle  _s_bossdie4
 3A39:250A idle  _s_bossshoot1
 3A39:251A idle  _s_bossshoot2
 3A39:252A idle  _s_bossshoot3
 3A39:253A idle  _s_bossshoot4
 3A39:254A idle  _s_bossshoot5
 3A39:255A idle  _s_bossshoot6
 3A39:256A idle  _s_bossshoot7
 3A39:257A idle  _s_bossshoot8
 3A39:258A idle  _s_gretelstand
 3A39:259A       _s_gretelchase1
 3A39:25AA idle  _s_gretelchase1s
 3A39:25BA idle  _s_gretelchase2
 3A39:25CA idle  _s_gretelchase3
 3A39:25DA idle  _s_gretelchase3s
 3A39:25EA idle  _s_gretelchase4
 3A39:25FA       _s_greteldie1
 3A39:260A idle  _s_greteldie2
 3A39:261A idle  _s_greteldie3
 3A39:262A idle  _s_greteldie4
 3A39:263A idle  _s_gretelshoot1
 3A39:264A idle  _s_gretelshoot2
 3A39:265A idle  _s_gretelshoot3
 3A39:266A idle  _s_gretelshoot4
 3A39:267A idle  _s_gretelshoot5
 3A39:268A idle  _s_gretelshoot6
 3A39:269A idle  _s_gretelshoot7
 3A39:26AA idle  _s_gretelshoot8
 3A39:26CC idle  _s_schabbstand
 3A39:26DC       _s_schabbchase1
 3A39:26EC idle  _s_schabbchase1s
 3A39:26FC idle  _s_schabbchase2
 3A39:270C idle  _s_schabbchase3
 3A39:271C idle  _s_schabbchase3s
 3A39:272C idle  _s_schabbchase4
 3A39:273C idle  _s_schabbdeathcam
 3A39:274C       _s_schabbdie1
 3A39:275C idle  _s_schabbdie2
 3A39:276C idle  _s_schabbdie3
 3A39:277C idle  _s_schabbdie4
 3A39:278C idle  _s_schabbdie5
 3A39:279C idle  _s_schabbdie6
 3A39:27AC idle  _s_schabbshoot1
 3A39:27BC idle  _s_schabbshoot2
 3A39:27CC idle  _s_needle1
 3A39:27DC idle  _s_needle2
 3A39:27EC idle  _s_needle3
 3A39:27FC idle  _s_needle4
 3A39:280C idle  _s_giftstand
 3A39:281C       _s_giftchase1
 3A39:282C idle  _s_giftchase1s
 3A39:283C idle  _s_giftchase2
 3A39:284C idle  _s_giftchase3
 3A39:285C idle  _s_giftchase3s
 3A39:286C idle  _s_giftchase4
 3A39:287C idle  _s_giftdeathcam
 3A39:288C       _s_giftdie1
 3A39:289C idle  _s_giftdie2
 3A39:28AC idle  _s_giftdie3
 3A39:28BC idle  _s_giftdie4
 3A39:28CC idle  _s_giftdie5
 3A39:28DC idle  _s_giftdie6
 3A39:28EC idle  _s_giftshoot1
 3A39:28FC idle  _s_giftshoot2
 3A39:290C idle  _s_fatstand
 3A39:291C       _s_fatchase1
 3A39:292C idle  _s_fatchase1s
 3A39:293C idle  _s_fatchase2
 3A39:294C idle  _s_fatchase3
 3A39:295C idle  _s_fatchase3s
 3A39:296C idle  _s_fatchase4
 3A39:297C idle  _s_fatdeathcam
 3A39:298C       _s_fatdie1
 3A39:299C idle  _s_fatdie2
 3A39:29AC idle  _s_fatdie3
 3A39:29BC idle  _s_fatdie4
 3A39:29CC idle  _s_fatdie5
 3A39:29DC idle  _s_fatdie6
 3A39:29EC idle  _s_fatshoot1
 3A39:29FC idle  _s_fatshoot2
 3A39:2A0C idle  _s_fatshoot3
 3A39:2A1C idle  _s_fatshoot4
 3A39:2A2C idle  _s_fatshoot5
 3A39:2A3C idle  _s_fatshoot6
 3A39:2A4C idle  _s_fakestand
 3A39:2A5C       _s_fakechase1
 3A39:2A6C idle  _s_fakechase1s
 3A39:2A7C idle  _s_fakechase2
 3A39:2A8C idle  _s_fakechase3
 3A39:2A9C idle  _s_fakechase3s
 3A39:2AAC idle  _s_fakechase4
 3A39:2ABC       _s_fakedie1
 3A39:2ACC idle  _s_fakedie2
 3A39:2ADC idle  _s_fakedie3
 3A39:2AEC idle  _s_fakedie4
 3A39:2AFC idle  _s_fakedie5
 3A39:2B0C idle  _s_fakedie6
 3A39:2B1C idle  _s_fakeshoot1
 3A39:2B2C idle  _s_fakeshoot2
 3A39:2B3C idle  _s_fakeshoot3
 3A39:2B4C idle  _s_fakeshoot4
 3A39:2B5C idle  _s_fakeshoot5
 3A39:2B6C idle  _s_fakeshoot6
 3A39:2B7C idle  _s_fakeshoot7
 3A39:2B8C idle  _s_fakeshoot8
 3A39:2B9C idle  _s_fakeshoot9
 3A39:2BAC idle  _s_fire1
 3A39:2BBC idle  _s_fire2
 3A39:2BCC idle  _s_mechastand
 3A39:2BDC       _s_mechachase1
 3A39:2BEC idle  _s_mechachase1s
 3A39:2BFC idle  _s_mechachase2
 3A39:2C0C idle  _s_mechachase3
 3A39:2C1C idle  _s_mechachase3s
 3A39:2C2C idle  _s_mechachase4
 3A39:2C3C       _s_mechadie1
 3A39:2C4C idle  _s_mechadie2
 3A39:2C5C idle  _s_mechadie3
 3A39:2C6C idle  _s_mechadie4
 3A39:2C7C idle  _s_mechashoot1
 3A39:2C8C idle  _s_mechashoot2
 3A39:2C9C idle  _s_mechashoot3
 3A39:2CAC idle  _s_mechashoot4
 3A39:2CBC idle  _s_mechashoot5
 3A39:2CCC idle  _s_mechashoot6
 3A39:2CDC       _s_hitlerchase1
 3A39:2CEC idle  _s_hitlerchase1s
 3A39:2CFC idle  _s_hitlerchase2
 3A39:2D0C idle  _s_hitlerchase3
 3A39:2D1C idle  _s_hitlerchase3s
 3A39:2D2C idle  _s_hitlerchase4
 3A39:2D3C idle  _s_hitlerdeathcam
 3A39:2D4C       _s_hitlerdie1
 3A39:2D5C idle  _s_hitlerdie2
 3A39:2D6C idle  _s_hitlerdie3
 3A39:2D7C idle  _s_hitlerdie4
 3A39:2D8C idle  _s_hitlerdie5
 3A39:2D9C idle  _s_hitlerdie6
 3A39:2DAC idle  _s_hitlerdie7
 3A39:2DBC idle  _s_hitlerdie8
 3A39:2DCC idle  _s_hitlerdie9
 3A39:2DDC idle  _s_hitlerdie10
 3A39:2DEC idle  _s_hitlershoot1
 3A39:2DFC idle  _s_hitlershoot2
 3A39:2E0C idle  _s_hitlershoot3
 3A39:2E1C idle  _s_hitlershoot4
 3A39:2E2C idle  _s_hitlershoot5
 3A39:2E3C idle  _s_hitlershoot6
 3A39:2E54 idle  _s_bjrun1
 3A39:2E64 idle  _s_bjrun1s
 3A39:2E74 idle  _s_bjrun2
 3A39:2E84 idle  _s_bjrun3
 3A39:2E94 idle  _s_bjrun3s
 3A39:2EA4 idle  _s_bjrun4
 3A39:2EB4 idle  _s_bjjump1
 3A39:2EC4 idle  _s_bjjump2
 3A39:2ED4 idle  _s_bjjump3
 3A39:2EE4 idle  _s_bjjump4
 3A39:2EF4       _s_deathcam
 3A39:2F4A       _gamepal
 3A39:324A       _audioname
 3A39:3257 idle  _gheadname
 3A39:3261 idle  _gfilename
 3A39:326B idle  _gdictname
 3A39:3275 idle  _mheadname
 3A39:327F idle  _mfilename
 3A39:3289 idle  _aheadname
 3A39:3293 idle  _afilename
 3A39:3354 idle  _KbdDefs
 3A39:335E idle  _DemoMode
 3A39:3510 idle  _XMSProtectPage
 3A39:3512       _PageFileName
 3A39:3520 idle  _PageFile
 3A39:352A idle  _EMMDriverName
 3A39:39A0 idle  _ssPort
 3A39:3D12       _USL_MeasureString
 3A39:3D16 idle  _USL_DrawString
 3A39:3D1A       _Scores
 3A39:3FC4       _screenseg
 3A39:3FCA idle  _pixmasks
 3A39:3FCE idle  _leftmasks
 3A39:3FD2 idle  _rightmasks
 3A39:4090       __8087
 3A39:40A0       __protected
 3A39:40A1       __LDT
 3A39:40A4       __default87
 3A39:40A6 idle  __huge_flt
 3A39:40AA       __huge_dble
 3A39:40B2 idle  __huge_ldble
 3A39:40BC idle  __indefinite
 3A39:40C0 idle  __tiny_ldble
 3A39:40CA       __mathwhy
 3A39:4270       __emu
 3A39:4380       __atexitcnt
 3A39:4382       __ctype
 3A39:4484       __exitbuf
 3A39:4488       __exitfopen
 3A39:448C       __exitopen
 3A39:4490       __streams
 3A39:45D0       __nfile
 3A39:45D2       __openfd
 3A39:45FA       __fmode
 3A39:45FC       __notUmask
 3A39:45FE       __fpstklen
 3A39:4600       __heaplen
 3A39:4602       __doserrno
 3A39:4604 idle  __dosErrorToSV
 3A39:4668       __stklen
 3A39:46D2       __video
 3A39:46E1       _directvideo
 3A39:471E idle  __first
 3A39:4720 idle  __last
 3A39:4722 idle  __rover
 3A39:4724       __argc
 3A39:4726       __argv
 3A39:4732       _environ
 3A39:473A       __RealCvtVector
 3A39:473E idle  __ScanTodVector
 3A39:4944       __atexittbl
 3A39:49D2       ___SignalPtr
 3A39:49E4       _mr_dest
 3A39:49E6       _mr_yfrac
 3A39:49E8       _mr_xfrac
 3A39:49EA       _mr_ystep
 3A39:49EC       _mr_xstep
 3A39:49EE       _mr_count
 3A39:49F0       _mr_rowofs
 3A39:49F2       _pcos
 3A39:49F6       _psin
 3A39:49FA       _mirrorofs
 3A39:4AC2       _planeylookup
 3A39:4C52       _basedist
 3A39:4DE2       _stepscale
 3A39:4F72       _spanstart
 3A39:503A       _viewcos
 3A39:503E       _viewsin
 3A39:5042       _viewy
 3A39:5046       _viewx
 3A39:504A       _wallheight
 3A39:52CA       _scale
 3A39:52CE       _viewheight
 3A39:52D0       _viewwidth
 3A39:52D2       _menuitems
 3A39:52D4       _bufferofs
 3A39:52D6       _pwalldir
 3A39:52D8       _pwally
 3A39:52DA       _pwallx
 3A39:52DC       _areabyplayer
 3A39:5326       _pwallstate
 3A39:5328       _doorposition
 3A39:53A8       _pwallpos
 3A39:53AA       _vertwall
 3A39:542A       _horizwall
 3A39:54AA       _viewsize
 3A39:54AC       _joystickport
 3A39:54AE       _joystickprogressive
 3A39:54B0       _joypadenabled
 3A39:54B2       _joystickenabled
 3A39:54B4       _mouseenabled
 3A39:54B6       _update
 3A39:55BA       _actorat
 3A39:75BA       _tilemap
 3A39:85BA       _nearmapylookup
 3A39:863A       _farmapylookup
 3A39:86BA       _doorobjlist
 3A39:893A       _laststatobj
 3A39:893C       _statobjlist
 3A39:95BC       _player
 3A39:95BE       _new
 3A39:95C0       _playstate
 3A39:95C2       _gamestate
 3A39:9604       _minheightdiv
 3A39:9606       _heightnumerator
 3A39:960A       _maxslope
 3A39:960E       _pixelangle
 3A39:988E       _mouseadjustment
 3A39:9890       _virtualreality
 3A39:9892       _startgame
 3A39:9894       _shootdelta
 3A39:9896       _centerx
 3A39:9898       _screenofs
 3A39:989A       _focallength
 3A39:989E       _IsA386
 3A39:98A0       _nospr
 3A39:98A2       _str2
 3A39:98B6       _str
 3A39:9906       _LevelRatios
 3A39:9956       _backcolor
 3A39:9957       _blockstarts
 3A39:9B5F       _uwidthtable
 3A39:9B79       _updateptr
 3A39:9B7B       _WindowW
 3A39:9B7D       _WindowY
 3A39:9B7F       _WindowX
 3A39:9B81       _PrintY
 3A39:9B83       _NoWait
 3A39:9B85       _loadedgame
 3A39:9B87       _tedlevelnum
 3A39:9B89       _tedlevel
 3A39:9B8B       _DigiMap
 3A39:9C39       _MusicMode
 3A39:9C3B       _DigiMode
 3A39:9C3D       _SoundMode
 3A39:9C3F       _SoundBlasterPresent
 3A39:9C41       _SoundSourcePresent
 3A39:9C43       _AdLibPresent
 3A39:9C45       _JoysPresent
 3A39:9C49       _MousePresent
 3A39:9C4B       _Keyboard
 3A39:9D4B       _fontnumber
 3A39:9D4D       _fontcolor
 3A39:9D4E       _displayofs
 3A39:9D50       _grsegs
 3A39:9E7A       _mminfo
 3A39:9E8E       _layoutdone
 3A39:9E90       _picdelay
 3A39:9E92       _picnum
 3A39:9E94       _picy
 3A39:9E96       _picx
 3A39:9E98       _rowon
 3A39:9E9A       _text
 3A39:9E9E       _rightmargin
 3A39:9EBC       _leftmargin
 3A39:9EDA       _numpages
 3A39:9EDC       _pagenum
 3A39:9EDE       _TimeCount
 3A39:9EE2       _LastScan
 3A39:9EE3       _py
 3A39:9EE5       _px
 3A39:9EE7       _pictable
 3A39:9EE9       _ca_levelbit
 3A39:9EEA       _pickquick
 3A39:9EEC       _lasttimecount
 3A39:9EF0       _SaveGameNames
 3A39:A030       _StartGame
 3A39:A032       _SaveGamesAvail
 3A39:A046       _WindowH
 3A39:A048       _PrintX
 3A39:A04A       _ingame
 3A39:A04C       _LastASCII
 3A39:A04D       _Paused
 3A39:A04F       _extension
 3A39:A054       _audiosegs
 3A39:A294       _EMSPagesAvail
 3A39:A296       _XMSPagesAvail
 3A39:A298       _EMSPresent
 3A39:A29A       _XMSPresent
 3A39:A29C       _mmerror
 3A39:A29E       _mapon
 3A39:A2A0       _rightchannel
 3A39:A2A2       _leftchannel
 3A39:A2A4       _globalsoundy
 3A39:A2A8       _globalsoundx
 3A39:A2AC       _demobuffer
 3A39:A2AE       _lastdemoptr
 3A39:A2B2       _demoptr
 3A39:A2B6       _demoplayback
 3A39:A2B8       _demorecord
 3A39:A2BA       _killerobj
 3A39:A2BC       _spearflag
 3A39:A2BE       _spearangle
 3A39:A2C0       _speary
 3A39:A2C4       _spearx
 3A39:A2C8       _fizzlein
 3A39:A2CA       _tics
 3A39:A2CC       _mapheight
 3A39:A2CE       _mapwidth
 3A39:A2D0       _SoundPositioned
 3A39:A2D2       _latchpics
 3A39:A39A       _mapheaderseg
 3A39:A412       _mapsegs
 3A39:A416       _funnyticount
 3A39:A41A       _palshifted
 3A39:A41C       _bonuscount
 3A39:A41E       _damagecount
 3A39:A420       _objcount
 3A39:A422       _dummyobj
 3A39:A45E       _mapwidthtable
 3A39:A4DE       _DebugOk
 3A39:A4E0       _facecount
 3A39:A4E2       _anglefrac
 3A39:A4E4       _running
 3A39:A4E6       _frameon
 3A39:A4EA       _buttonstate
 3A39:A4FA       _controly
 3A39:A4FC       _controlx
 3A39:A4FE       _buttonheld
 3A39:A50E       _extravbls
 3A39:A510       _noclip
 3A39:A512       _godmode
 3A39:A514       _singlestep
 3A39:A516       _spotvis
 3A39:B516       _objfreelist
 3A39:B518       _lastobj
 3A39:B51A       _obj
 3A39:B51C       _objlist
 3A39:D844       _madenoise
 3A39:D846       _compatability
 3A39:D848       _screenfaded
 3A39:D84A       _DigiList
 3A39:D84C       _NumDigi
 3A39:D84E       _viewtype
 3A39:D850       _maporgy
 3A39:D852       _maporgx
 3A39:D854       _postwidth
 3A39:D856       _postx
 3A39:D858       _postsource
 3A39:D85C       _doornum
 3A39:D85E       _PMPages
 3A39:D862       _PMSoundStart
 3A39:D864       _PMSpriteStart
 3A39:D866       _ChunksInFile
 3A39:D868       _farthest
 3A39:D86A       _visstep
 3A39:D86C       _visptr
 3A39:D86E       _vislist
 3A39:D99A       _ystep
 3A39:D99E       _xstep
 3A39:D9A2       _yintercept
 3A39:D9A6       _xintercept
 3A39:D9AA       _ytilestep
 3A39:D9AC       _xtilestep
 3A39:D9AE       _ytile
 3A39:D9B0       _xtile
 3A39:D9B2       _pixx
 3A39:D9B4       _tilehit
 3A39:D9B6       _yinttile
 3A39:D9B8       _xinttile
 3A39:D9BA       _ypartialdown
 3A39:D9BC       _ypartialup
 3A39:D9BE       _xpartialdown
 3A39:D9C0       _xpartialup
 3A39:D9C2       _ypartial
 3A39:D9C4       _xpartial
 3A39:D9C6       _angle
 3A39:D9C8       _midangle
 3A39:D9CA       _viewty
 3A39:D9CC       _viewtx
 3A39:D9CE       _focalty
 3A39:D9D0       _focaltx
 3A39:D9D2       _lasttilehit
 3A39:D9D4       _lastintercept
 3A39:D9D8       _lastside
 3A39:D9DA       _maxscaleshl2
 3A39:D9DC       _fullscalefarcall
 3A39:DDE0       _viewangle
 3A39:DDE2       _mask3
 3A39:DDE3       _mask2
 3A39:DDE4       _mask1
 3A39:DDE5       _maskword
 3A39:DDE7       _linescale
 3A39:DDEB       _linecmds
 3A39:DDEF       _slinewidth
 3A39:DDF1       _slinex
 3A39:DDF3       _stepbytwo
 3A39:DDF5       _work
 3A39:DDF7       _insetupscaling
 3A39:DDF9       _maxscale
 3A39:DDFB       _scaledirectory
 3A39:DFFD       _pluy
 3A39:DFFF       _plux
 3A39:E001       _playerymove
 3A39:E005       _playerxmove
 3A39:E009       _LastAttacker
 3A39:E00B       _gotgatgun
 3A39:E00D       _thrustspeed
 3A39:E011       _lastdoorobj
 3A39:E013       _oldsoundmode
 3A39:E015       _chunkexplen
 3A39:E019       _chunkcomplen
 3A39:E01D       _audiohandle
 3A39:E01F       _maphandle
 3A39:E021       _grhandle
 3A39:E023       _audiohuffman
 3A39:E41F       _grhuffman
 3A39:E81B       _audiostarts
 3A39:E81D       _grstarts
 3A39:E81F       _debughandle
 3A39:E821       _profilehandle
 3A39:E823       _ca_levelnum
 3A39:E824       _tinf
 3A39:E826       _bufferseg
 3A39:E828       _btnstate
 3A39:E838       _MouseDownCount
 3A39:E83C       _JoyPadPresent
 3A39:E83E       _DemoSize
 3A39:E840       _DemoOffset
 3A39:E842       _DemoBuffer
 3A39:E844       _Controls
 3A39:E84C       _JoyDefs
 3A39:E87C       _UMBbase
 3A39:E890       _numUMBs
 3A39:E892       _XMSaddr
 3A39:E896       _bombonerror
 3A39:E898       _mmnew
 3A39:E89C       _mmrover
 3A39:E8A0       _mmfree
 3A39:E8A4       _mmhead
 3A39:E8A8       _nearheap
 3A39:E8AA       _farheap
 3A39:E8AE       _mmstarted
 3A39:E8B0       _aftersort
 3A39:E8B4       _beforesort
 3A39:E8B8       _PMSegPages
 3A39:E8BA       _PMFrameCount
 3A39:E8BE       _PMNumBlocks
 3A39:E8C0       _MainPagesUsed
 3A39:E8C2       _EMSPagesUsed
 3A39:E8C4       _XMSPagesUsed
 3A39:E8C6       _PMThrashing
 3A39:E8C8       _PMPanicMode
 3A39:E8CA       _PMStarted
 3A39:E8CC       _XMSDriver
 3A39:E8D0       _XMSHandle
 3A39:E8D2       _XMSAvail
 3A39:E8D4       _EMSList
 3A39:E8EC       _EMSPhysicalPage
 3A39:E8EE       _EMSPageFrame
 3A39:E8F0       _EMSHandle
 3A39:E8F2       _EMSAvail
 3A39:E8F4       _MainPagesAvail
 3A39:E8F6       _MainMemUsed
 3A39:E9BE       _MainMemPages
 3A39:EA86       _MainPresent
 3A39:EA88       _sqHackTime
 3A39:EA8C       _sqHackSeqLen
 3A39:EA8E       _sqHackLen
 3A39:EA90       _sqHackPtr
 3A39:EA94       _sqHack
 3A39:EA98       _sqActive
 3A39:EA9A       _alZeroInst
 3A39:EAAA       _alTimeCount
 3A39:EAAE       _alLengthLeft
 3A39:EAB2       _alBlock
 3A39:EAB4       _alSound
 3A39:EAB8       _alNoCheck
 3A39:EABA       _pcSoundLookup
 3A39:ECB8       _pcLengthLeft
 3A39:ECBC       _pcSound
 3A39:ECC0       _pcLastSample
 3A39:ECC1       _ssLengthLeft
 3A39:ECC5       _ssSample
 3A39:ECC9       _ssOff
 3A39:ECCA       _ssOn
 3A39:ECCB       _ssData
 3A39:ECCD       _ssStatus
 3A39:ECCF       _ssControl
 3A39:ECD1       _ssActive
 3A39:ECD3       _ssNoCheck
 3A39:ECD5       _DigiLastEnd
 3A39:ECD7       _DigiLastStart
 3A39:ECD9       _DigiPage
 3A39:ECDB       _DigiLeft
 3A39:ECDD       _TimerRate
 3A39:ECDF       _LocalTime
 3A39:ECE3       _t0OldService
 3A39:ECE7       _RightPosition
 3A39:ECE9       _LeftPosition
 3A39:ECEB       _DigiPriority
 3A39:ECED       _SoundPriority
 3A39:ECEF       _DigiNumber
 3A39:ECF1       _SoundNumber
 3A39:ECF3       _TimerCount
 3A39:ECF7       _TimerDivisor
 3A39:ECFB       _nextsoundpos
 3A39:ECFD       _ssIsTandy
 3A39:ECFF       _SoundTable
 3A39:ED01       _HackCount
 3A39:ED03       _NeedsDigitized
 3A39:ED05       _SBProPresent
 3A39:ED07       _DigiPlaying
 3A39:ED09       _NeedsMusic
 3A39:ED0B       _Games
 3A39:EE07       _CursorY
 3A39:EE09       _CursorX
 3A39:EE0B       _CursorBad
 3A39:EE0D       _Button1
 3A39:EE0F       _Button0
 3A39:EE11       _abortprogram
 3A39:EE13       _fastpalette
 3A39:EE15       _bordercolor
 3A39:EE17       _ylookup
 3A39:EFA7       _linewidth
 3A39:EFA9       _pelpan
 3A39:EFAB       _bufferheight
 3A39:EFAD       _bufferwidth

Program entry point at 0000:0000

